Component: ARM Compiler 5.06 update 5 (build 528) Tool: armlink [4d35e2]

==============================================================================

Section Cross References

    startup_stm32f103xe.o(STACK) refers (Special) to heapauxi.o(.text) for __use_two_region_memory
    startup_stm32f103xe.o(HEAP) refers (Special) to heapauxi.o(.text) for __use_two_region_memory
    startup_stm32f103xe.o(RESET) refers (Special) to heapauxi.o(.text) for __use_two_region_memory
    startup_stm32f103xe.o(RESET) refers to startup_stm32f103xe.o(STACK) for __initial_sp
    startup_stm32f103xe.o(RESET) refers to startup_stm32f103xe.o(.text) for Reset_Handler
    startup_stm32f103xe.o(RESET) refers to stm32f1xx_it.o(i.NMI_Handler) for NMI_Handler
    startup_stm32f103xe.o(RESET) refers to stm32f1xx_it.o(i.HardFault_Handler) for HardFault_Handler
    startup_stm32f103xe.o(RESET) refers to stm32f1xx_it.o(i.MemManage_Handler) for MemManage_Handler
    startup_stm32f103xe.o(RESET) refers to stm32f1xx_it.o(i.BusFault_Handler) for BusFault_Handler
    startup_stm32f103xe.o(RESET) refers to stm32f1xx_it.o(i.UsageFault_Handler) for UsageFault_Handler
    startup_stm32f103xe.o(RESET) refers to stm32f1xx_it.o(i.SVC_Handler) for SVC_Handler
    startup_stm32f103xe.o(RESET) refers to stm32f1xx_it.o(i.DebugMon_Handler) for DebugMon_Handler
    startup_stm32f103xe.o(RESET) refers to stm32f1xx_it.o(i.PendSV_Handler) for PendSV_Handler
    startup_stm32f103xe.o(RESET) refers to stm32f1xx_it.o(i.SysTick_Handler) for SysTick_Handler
    startup_stm32f103xe.o(RESET) refers to stm32f1xx_it.o(i.PVD_IRQHandler) for PVD_IRQHandler
    startup_stm32f103xe.o(RESET) refers to stm32f1xx_it.o(i.DMA1_Channel4_IRQHandler) for DMA1_Channel4_IRQHandler
    startup_stm32f103xe.o(RESET) refers to tim.o(i.TIM2_IRQHandler) for TIM2_IRQHandler
    startup_stm32f103xe.o(RESET) refers to stm32f1xx_it.o(i.USART1_IRQHandler) for USART1_IRQHandler
    startup_stm32f103xe.o(RESET) refers to stm32f1xx_it.o(i.EXTI15_10_IRQHandler) for EXTI15_10_IRQHandler
    startup_stm32f103xe.o(.text) refers (Special) to heapauxi.o(.text) for __use_two_region_memory
    startup_stm32f103xe.o(.text) refers to system_stm32f1xx.o(i.SystemInit) for SystemInit
    startup_stm32f103xe.o(.text) refers to __main.o(!!!main) for __main
    startup_stm32f103xe.o(.text) refers to startup_stm32f103xe.o(HEAP) for Heap_Mem
    startup_stm32f103xe.o(.text) refers to startup_stm32f103xe.o(STACK) for Stack_Mem
    main.o(i.Error_Handler) refers to public.o(i.ledoff) for ledoff
    main.o(i.SystemClock_Config) refers to rt_memclr_w.o(.text) for __aeabi_memclr4
    main.o(i.SystemClock_Config) refers to stm32f1xx_hal_rcc.o(i.HAL_RCC_OscConfig) for HAL_RCC_OscConfig
    main.o(i.SystemClock_Config) refers to main.o(i.Error_Handler) for Error_Handler
    main.o(i.SystemClock_Config) refers to stm32f1xx_hal_rcc.o(i.HAL_RCC_ClockConfig) for HAL_RCC_ClockConfig
    main.o(i.main) refers to stm32f1xx_hal.o(i.HAL_Init) for HAL_Init
    main.o(i.main) refers to main.o(i.SystemClock_Config) for SystemClock_Config
    main.o(i.main) refers to gpio.o(i.MX_GPIO_Init) for MX_GPIO_Init
    main.o(i.main) refers to dma.o(i.MX_DMA_Init) for MX_DMA_Init
    main.o(i.main) refers to dac.o(i.MX_DAC_Init) for MX_DAC_Init
    main.o(i.main) refers to usart.o(i.MX_USART1_UART_Init) for MX_USART1_UART_Init
    main.o(i.main) refers to iwdg.o(i.MX_IWDG_Init) for MX_IWDG_Init
    main.o(i.main) refers to public.o(i.init) for init
    main.o(i.main) refers to stm32f1xx_hal_pwr.o(i.HAL_PWR_ConfigPVD) for HAL_PWR_ConfigPVD
    main.o(i.main) refers to stm32f1xx_hal_pwr.o(i.HAL_PWR_EnablePVD) for HAL_PWR_EnablePVD
    main.o(i.main) refers to stm32f1xx_hal.o(i.HAL_GetTick) for HAL_GetTick
    main.o(i.main) refers to public.o(i.DAC_fade_tick) for DAC_fade_tick
    main.o(i.main) refers to keydisp.o(i.encoder_scan) for encoder_scan
    main.o(i.main) refers to cuankou.o(i.rsp_flush) for rsp_flush
    main.o(i.main) refers to public.o(i.fan_set) for fan_set
    main.o(i.main) refers to public.o(i.temperature_read) for temperature_read
    main.o(i.main) refers to public.o(i.dac_fade_is_idle) for dac_fade_is_idle
    main.o(i.main) refers to flash_eeprom.o(i.flash_eeprom_save_brightness) for flash_eeprom_save_brightness
    main.o(i.main) refers to public.o(.bss) for g_lamp
    main.o(i.main) refers to main.o(.data) for last_fade
    main.o(i.main) refers to public.o(.constdata) for g_config
    gpio.o(i.MX_GPIO_Init) refers to stm32f1xx_hal_gpio.o(i.HAL_GPIO_WritePin) for HAL_GPIO_WritePin
    gpio.o(i.MX_GPIO_Init) refers to stm32f1xx_hal_gpio.o(i.HAL_GPIO_Init) for HAL_GPIO_Init
    gpio.o(i.MX_GPIO_Init) refers to stm32f1xx_hal_cortex.o(i.HAL_NVIC_SetPriority) for HAL_NVIC_SetPriority
    gpio.o(i.MX_GPIO_Init) refers to stm32f1xx_hal_cortex.o(i.HAL_NVIC_EnableIRQ) for HAL_NVIC_EnableIRQ
    dac.o(i.HAL_DAC_MspDeInit) refers to stm32f1xx_hal_gpio.o(i.HAL_GPIO_DeInit) for HAL_GPIO_DeInit
[...]
    i.HAL_SYSTICK_Config                     0x08001ea0   Section        0  stm32f1xx_hal_cortex.o(i.HAL_SYSTICK_Config)
    i.HAL_TIMEx_BreakCallback                0x08001ed4   Section        0  stm32f1xx_hal_tim_ex.o(i.HAL_TIMEx_BreakCallback)
    i.HAL_TIMEx_CommutCallback               0x08001ed6   Section        0  stm32f1xx_hal_tim_ex.o(i.HAL_TIMEx_CommutCallback)
    i.HAL_TIM_IC_CaptureCallback             0x08001ed8   Section        0  stm32f1xx_hal_tim.o(i.HAL_TIM_IC_CaptureCallback)
    i.HAL_TIM_IRQHandler                     0x08001eda   Section        0  stm32f1xx_hal_tim.o(i.HAL_TIM_IRQHandler)
    i.HAL_TIM_OC_DelayElapsedCallback        0x08002070   Section        0  stm32f1xx_hal_tim.o(i.HAL_TIM_OC_DelayElapsedCallback)
    i.HAL_TIM_PWM_PulseFinishedCallback      0x08002072   Section        0  stm32f1xx_hal_tim.o(i.HAL_TIM_PWM_PulseFinishedCallback)
    i.HAL_TIM_PeriodElapsedCallback          0x08002074   Section        0  tim.o(i.HAL_TIM_PeriodElapsedCallback)
    i.HAL_TIM_TriggerCallback                0x08002098   Section        0  stm32f1xx_hal_tim.o(i.HAL_TIM_TriggerCallback)
    i.HAL_UART_Init                          0x0800209a   Section        0  stm32f1xx_hal_uart.o(i.HAL_UART_Init)
    i.HAL_UART_MspInit                       0x08002110   Section        0  usart.o(i.HAL_UART_MspInit)
    i.HardFault_Handler                      0x080021e4   Section        0  stm32f1xx_it.o(i.HardFault_Handler)
    i.MX_DAC_Init                            0x080021e8   Section        0  dac.o(i.MX_DAC_Init)
    i.MX_DMA_Init                            0x08002234   Section        0  dma.o(i.MX_DMA_Init)
    i.MX_GPIO_Init                           0x08002268   Section        0  gpio.o(i.MX_GPIO_Init)
    i.MX_IWDG_Init                           0x08002458   Section        0  iwdg.o(i.MX_IWDG_Init)
    i.MX_USART1_UART_Init                    0x08002480   Section        0  usart.o(i.MX_USART1_UART_Init)
    i.MemManage_Handler                      0x080024c8   Section        0  stm32f1xx_it.o(i.MemManage_Handler)
    i.NMI_Handler                            0x080024cc   Section        0  stm32f1xx_it.o(i.NMI_Handler)
    i.PVD_IRQHandler                         0x080024d0   Section        0  stm32f1xx_it.o(i.PVD_IRQHandler)
    i.PendSV_Handler                         0x080024d8   Section        0  stm32f1xx_it.o(i.PendSV_Handler)
    i.RCC_Delay                              0x080024dc   Section        0  stm32f1xx_hal_rcc.o(i.RCC_Delay)
    RCC_Delay                                0x080024dd   Thumb Code    36  stm32f1xx_hal_rcc.o(i.RCC_Delay)
    i.SVC_Handler                            0x08002504   Section        0  stm32f1xx_it.o(i.SVC_Handler)
    i.SysTick_Handler                        0x08002506   Section        0  stm32f1xx_it.o(i.SysTick_Handler)
    i.SystemClock_Config                     0x0800250e   Section        0  main.o(i.SystemClock_Config)
    i.SystemInit                             0x08002574   Section        0  system_stm32f1xx.o(i.SystemInit)
    i.TIM2_IRQHandler                        0x08002578   Section        0  tim.o(i.TIM2_IRQHandler)
    i.UART_SetConfig                         0x08002588   Section        0  stm32f1xx_hal_uart.o(i.UART_SetConfig)
    UART_SetConfig                           0x08002589   Thumb Code   248  stm32f1xx_hal_uart.o(i.UART_SetConfig)
    i.USART1_IRQHandler                      0x08002684   Section        0  stm32f1xx_it.o(i.USART1_IRQHandler)
    i.UsageFault_Handler                     0x080026a4   Section        0  stm32f1xx_it.o(i.UsageFault_Handler)
    i.__ARM_fpclassify                       0x080026a8   Section        0  fpclassify.o(i.__ARM_fpclassify)
    i.__NVIC_GetPriorityGrouping             0x080026d0   Section        0  stm32f1xx_hal_cortex.o(i.__NVIC_GetPriorityGrouping)
    __NVIC_GetPriorityGrouping               0x080026d1   Thumb Code    10  stm32f1xx_hal_cortex.o(i.__NVIC_GetPriorityGrouping)
    i.__NVIC_SetPriority                     0x080026e0   Section        0  stm32f1xx_hal_cortex.o(i.__NVIC_SetPriority)
    __NVIC_SetPriority                       0x080026e1   Thumb Code    32  stm32f1xx_hal_cortex.o(i.__NVIC_SetPriority)
    i.__kernel_poly                          0x08002708   Section        0  poly.o(i.__kernel_poly)
    i.__mathlib_dbl_divzero                  0x080027b4   Section        0  dunder.o(i.__mathlib_dbl_divzero)
    i.__mathlib_dbl_infnan                   0x080027c4   Section        0  dunder.o(i.__mathlib_dbl_infnan)
    i.__mathlib_dbl_invalid                  0x080027ca   Section        0  dunder.o(i.__mathlib_dbl_invalid)
    i.__mathlib_dbl_overflow                 0x080027d6   Section        0  dunder.o(i.__mathlib_dbl_overflow)
    i.__mathlib_dbl_underflow                0x080027e4   Section        0  dunder.o(i.__mathlib_dbl_underflow)
    i.brightness_to_current_mA               0x080027f4   Section        0  public.o(i.brightness_to_current_mA)
    i.brightness_to_voltage_mV               0x080028f4   Section        0  public.o(i.brightness_to_voltage_mV)
    brightness_to_voltage_mV                 0x080028f5   Thumb Code   120  public.o(i.brightness_to_voltage_mV)
    i.callback_232                           0x08002978   Section        0  cuankou.o(i.callback_232)
    i.cmd_brightness                         0x08002a40   Section        0  cuankou.o(i.cmd_brightness)
    cmd_brightness                           0x08002a41   Thumb Code    82  cuankou.o(i.cmd_brightness)
    i.cmd_color_temp                         0x08002a9c   Section        0  cuankou.o(i.cmd_color_temp)
    cmd_color_temp                           0x08002a9d   Thumb Code    72  cuankou.o(i.cmd_color_temp)
    i.cmd_countdown                          0x08002aec   Section        0  cuankou.o(i.cmd_countdown)
    cmd_countdown                            0x08002aed   Thumb Code    54  cuankou.o(i.cmd_countdown)
    i.cmd_factory_reset                      0x08002b2c   Section        0  cuankou.o(i.cmd_factory_reset)
    cmd_factory_reset                        0x08002b2d   Thumb Code    74  cuankou.o(i.cmd_factory_reset)
    i.cmd_ota_cancel                         0x08002b80   Section        0  cuankou.o(i.cmd_ota_cancel)
    cmd_ota_cancel                           0x08002b81   Thumb Code    32  cuankou.o(i.cmd_ota_cancel)
    i.cmd_ota_data                           0x08002ba8   Section        0  cuankou.o(i.cmd_ota_data)
    cmd_ota_data                             0x08002ba9   Thumb Code    86  cuankou.o(i.cmd_ota_data)
    i.cmd_ota_end                            0x08002c08   Section        0  cuankou.o(i.cmd_ota_end)
    cmd_ota_end                              0x08002c09   Thumb Code    28  cuankou.o(i.cmd_ota_end)
    i.cmd_ota_start                          0x08002c2c   Section        0  cuankou.o(i.cmd_ota_start)
    cmd_ota_start                            0x08002c2d   Thumb Code    40  cuankou.o(i.cmd_ota_start)
    i.cmd_power                              0x08002c5c   Section        0  cuankou.o(i.cmd_power)
    cmd_power                                0x08002c5d   Thumb Code   116  cuankou.o(i.cmd_power)
    i.cmd_timer                              0x08002cd8   Section        0  cuankou.o(i.cmd_timer)
    cmd_timer                                0x08002cd9   Thumb Code   112  cuankou.o(i.cmd_timer)
    i.color_temp_apply                       0x08002d50   Section        0  public.o(i.color_temp_apply)
    i.dac_fade_is_idle                       0x08002dfc   Section        0  public.o(i.dac_fade_is_idle)
    i.encoder_init                           0x08002e14   Section        0  keydisp.o(i.encoder_init)
    i.encoder_scan                           0x08002e64   Section        0  keydisp.o(i.encoder_scan)
    i.exp                                    0x08003094   Section        0  exp.o(i.exp)
    i.fan_set                                0x08003318   Section        0  public.o(i.fan_set)
    i.flash_eeprom_init                      0x08003320   Section        0  flash_eeprom.o(i.flash_eeprom_init)
    i.flash_eeprom_read                      0x08003378   Section        0  flash_eeprom.o(i.flash_eeprom_read)
    i.flash_eeprom_save                      0x0800346c   Section        0  flash_eeprom.o(i.flash_eeprom_save)
    i.flash_eeprom_save_brightness           0x080034c4   Section        0  flash_eeprom.o(i.flash_eeprom_save_brightness)
    i.flash_write_record                     0x080034dc   Section        0  flash_eeprom.o(i.flash_write_record)
    flash_write_record                       0x080034dd   Thumb Code   170  flash_eeprom.o(i.flash_write_record)
    i.init                                   0x08003594   Section        0  public.o(i.init)
    i.ledoff                                 0x08003668   Section        0  public.o(i.ledoff)
    i.log                                    0x080036b8   Section        0  log.o(i.log)
    i.mA_to_V                                0x08003a14   Section        0  public.o(i.mA_to_V)
    i.main                                   0x08003a48   Section        0  main.o(i.main)
    i.off_voltage_mV                         0x08003b88   Section        0  public.o(i.off_voltage_mV)
    off_voltage_mV                           0x08003b89   Thumb Code    56  public.o(i.off_voltage_mV)
    i.process_frame                          0x08003bcc   Section        0  cuankou.o(i.process_frame)
    process_frame                            0x08003bcd   Thumb Code   268  cuankou.o(i.process_frame)
    i.query_countdown                        0x08003ce8   Section        0  cuankou.o(i.query_countdown)
    query_countdown                          0x08003ce9   Thumb Code    24  cuankou.o(i.query_countdown)
    i.query_device_info                      0x08003d04   Section        0  cuankou.o(i.query_device_info)
    query_device_info                        0x08003d05   Thumb Code    50  cuankou.o(i.query_device_info)
    i.query_ota_status                       0x08003d40   Section        0  cuankou.o(i.query_ota_status)
    query_ota_status                         0x08003d41   Thumb Code    58  cuankou.o(i.query_ota_status)
    i.query_status                           0x08003d80   Section        0  cuankou.o(i.query_status)
    query_status                             0x08003d81   Thumb Code    56  cuankou.o(i.query_status)
    i.query_timer                            0x08003dbc   Section        0  cuankou.o(i.query_timer)
    query_timer                              0x08003dbd   Thumb Code   102  cuankou.o(i.query_timer)
    i.read_uint16_be                         0x08003e28   Section        0  cuankou.o(i.read_uint16_be)
    read_uint16_be                           0x08003e29   Thumb Code    12  cuankou.o(i.read_uint16_be)
    i.rsp_enqueue                            0x08003e34   Section        0  cuankou.o(i.rsp_enqueue)
    rsp_enqueue                              0x08003e35   Thumb Code    82  cuankou.o(i.rsp_enqueue)
    i.rsp_flush                              0x08003e98   Section        0  cuankou.o(i.rsp_flush)
    i.send_query_response                    0x08003f18   Section        0  cuankou.o(i.send_query_response)
    send_query_response                      0x08003f19   Thumb Code    74  cuankou.o(i.send_query_response)
    i.send_response                          0x08003f62   Section        0  cuankou.o(i.send_response)
    send_response                            0x08003f63   Thumb Code    36  cuankou.o(i.send_response)
    i.temperature_read                       0x08003f88   Section        0  public.o(i.temperature_read)
    i.write_uint16_be                        0x08004060   Section        0  cuankou.o(i.write_uint16_be)
    write_uint16_be                          0x08004061   Thumb Code     8  cuankou.o(i.write_uint16_be)
    i.write_uint32_be                        0x08004068   Section        0  cuankou.o(i.write_uint32_be)
    write_uint32_be                          0x08004069   Thumb Code    16  cuankou.o(i.write_uint32_be)
    x$fpl$dadd                               0x08004078   Section      336  daddsub_clz.o(x$fpl$dadd)
    _dadd1                                   0x08004089   Thumb Code     0  daddsub_clz.o(x$fpl$dadd)
    x$fpl$dcheck1                            0x080041c8   Section       16  dcheck1.o(x$fpl$dcheck1)
    x$fpl$dcmpinf                            0x080041d8   Section       24  dcmpi.o(x$fpl$dcmpinf)
    x$fpl$ddiv                               0x080041f0   Section      688  ddiv.o(x$fpl$ddiv)
    ddiv_entry                               0x080041f7   Thumb Code     0  ddiv.o(x$fpl$ddiv)
    x$fpl$deqf                               0x080044a0   Section      120  deqf.o(x$fpl$deqf)
    x$fpl$dfix                               0x08004518   Section       94  dfix.o(x$fpl$dfix)
    x$fpl$dfixu                              0x08004578   Section       90  dfixu.o(x$fpl$dfixu)
    x$fpl$dflt                               0x080045d2   Section       46  dflt_clz.o(x$fpl$dflt)
    x$fpl$dfltu                              0x08004600   Section       38  dflt_clz.o(x$fpl$dfltu)
    x$fpl$dleqf                              0x08004628   Section      120  dleqf.o(x$fpl$dleqf)
    x$fpl$dmul                               0x080046a0   Section      340  dmul.o(x$fpl$dmul)
    x$fpl$dnaninf                            0x080047f4   Section      156  dnaninf.o(x$fpl$dnaninf)
    x$fpl$dretinf                            0x08004890   Section       12  dretinf.o(x$fpl$dretinf)
    x$fpl$drleqf                             0x0800489c   Section      108  drleqf.o(x$fpl$drleqf)
    x$fpl$drsb                               0x08004908   Section       22  daddsub_clz.o(x$fpl$drsb)
    x$fpl$dsub                               0x08004920   Section      468  daddsub_clz.o(x$fpl$dsub)
    _dsub1                                   0x08004931   Thumb Code     0  daddsub_clz.o(x$fpl$dsub)
    x$fpl$f2d                                0x08004af4   Section       86  f2d.o(x$fpl$f2d)
    x$fpl$fadd                               0x08004b4c   Section      196  faddsub_clz.o(x$fpl$fadd)
    _fadd1                                   0x08004b5b   Thumb Code     0  faddsub_clz.o(x$fpl$fadd)
    x$fpl$fdiv                               0x08004c10   Section      388  fdiv.o(x$fpl$fdiv)
    _fdiv1                                   0x08004c11   Thumb Code     0  fdiv.o(x$fpl$fdiv)
    x$fpl$ffixu                              0x08004d94   Section       62  ffixu.o(x$fpl$ffixu)
    x$fpl$fflt                               0x08004dd4   Section       48  fflt_clz.o(x$fpl$fflt)
    x$fpl$fmul                               0x08004e04   Section      258  fmul.o(x$fpl$fmul)
    x$fpl$fnaninf                            0x08004f06   Section      140  fnaninf.o(x$fpl$fnaninf)
    x$fpl$fretinf                            0x08004f92   Section       10  fretinf.o(x$fpl$fretinf)
    x$fpl$fsub                               0x08004f9c   Section      234  faddsub_clz.o(x$fpl$fsub)
    _fsub1                                   0x08004fab   Thumb Code     0  faddsub_clz.o(x$fpl$fsub)
    x$fpl$retnan                             0x08005086   Section      100  retnan.o(x$fpl$retnan)
    x$fpl$scalbn                             0x080050ea   Section       92  scalbn.o(x$fpl$scalbn)
    x$fpl$trapveneer                         0x08005146   Section       48  trapv.o(x$fpl$trapveneer)
    .constdata                               0x08005176   Section       18  stm32f1xx_hal_rcc.o(.constdata)
    x$fpl$usenofp                            0x08005176   Section        0  usenofp.o(x$fpl$usenofp)
    aPLLMULFactorTable                       0x08005176   Data          16  stm32f1xx_hal_rcc.o(.constdata)
    aPredivFactorTable                       0x08005186   Data           2  stm32f1xx_hal_rcc.o(.constdata)
    .constdata                               0x08005188   Section       24  system_stm32f1xx.o(.constdata)
    .constdata                               0x080051a0   Section       21  cuankou.o(.constdata)
    cmd_data_len                             0x080051a0   Data          21  cuankou.o(.constdata)
    .constdata                               0x080051b6   Section       30  public.o(.constdata)
    .constdata                               0x080051d8   Section       88  exp.o(.constdata)
    halF                                     0x080051d8   Data          16  exp.o(.constdata)
    ln2HI                                    0x080051e8   Data          16  exp.o(.constdata)
    ln2LO                                    0x080051f8   Data          16  exp.o(.constdata)
    P                                        0x08005208   Data          40  exp.o(.constdata)
    .constdata                               0x08005230   Section       56  log.o(.constdata)
    Lg2                                      0x08005230   Data          24  log.o(.constdata)
    Lg                                       0x08005248   Data          32  log.o(.constdata)
    .constdata                               0x08005268   Section        8  qnan.o(.constdata)
    .data                                    0x20000000   Section       12  main.o(.data)
    last_fade                                0x20000000   Data           4  main.o(.data)
    last_fan                                 0x20000004   Data           4  main.o(.data)
    last_alarm                               0x20000008   Data           4  main.o(.data)
    .data                                    0x2000000c   Section        1  tim.o(.data)
    sec_cnt                                  0x2000000c   Data           1  tim.o(.data)
    .data                                    0x20000010   Section        9  stm32f1xx_hal.o(.data)
    .data                                    0x2000001c   Section        4  system_stm32f1xx.o(.data)
    .data                                    0x20000020   Section       11  cuankou.o(.data)
    rx_cnt                                   0x20000020   Data           2  cuankou.o(.data)
    rx_state                                 0x20000022   Data           1  cuankou.o(.data)
    rx_cmd                                   0x20000023   Data           1  cuankou.o(.data)
    rx_data_len                              0x20000024   Data           1  cuankou.o(.data)
    rsp_queue_len                            0x20000025   Data           4  cuankou.o(.data)
    rsp_wr                                   0x20000029   Data           1  cuankou.o(.data)
    rsp_rd                                   0x2000002a   Data           1  cuankou.o(.data)
    .data                                    0x2000002c   Section       15  keydisp.o(.data)
    enc_last_a                               0x2000002c   Data           1  keydisp.o(.data)
    enc_last_tick                            0x20000030   Data           4  keydisp.o(.data)
    sw_press_start                           0x20000034   Data           4  keydisp.o(.data)
    sw_last_state                            0x20000038   Data           1  keydisp.o(.data)
    sw_pressed                               0x20000039   Data           1  keydisp.o(.data)
    sw_handled                               0x2000003a   Data           1  keydisp.o(.data)
    .data                                    0x2000003c   Section       16  public.o(.data)
    g_dac_started_ch1                        0x2000003c   Data           1  public.o(.data)
    g_dac_started_ch2                        0x2000003d   Data           1  public.o(.data)
    g_fade_active                            0x2000003e   Data           2  public.o(.data)
    g_current_mV                             0x20000040   Data           4  public.o(.data)
    g_target_mV                              0x20000044   Data           4  public.o(.data)
    g_shutdown_fade                          0x20000048   Data           2  public.o(.data)
    g_shutdown_tick_skip                     0x2000004a   Data           2  public.o(.data)
    .data                                    0x2000004c   Section        1  ds18b20.o(.data)
    k                                        0x2000004c   Data           1  ds18b20.o(.data)
    .data                                    0x20000050   Section        8  flash_eeprom.o(.data)
    g_write_counter                          0x20000050   Data           4  flash_eeprom.o(.data)
    g_active_page                            0x20000054   Data           4  flash_eeprom.o(.data)
    .bss                                     0x20000058   Section       20  dac.o(.bss)
    .bss                                     0x2000006c   Section       12  iwdg.o(.bss)
    .bss                                     0x20000078   Section       72  tim.o(.bss)
    .bss                                     0x200000c0   Section      396  usart.o(.bss)
    buffer                                   0x2000014c   Data         256  usart.o(.bss)
    .bss                                     0x20000250   Section       32  stm32f1xx_hal_flash.o(.bss)
    .bss                                     0x20000270   Section      324  cuankou.o(.bss)
    rx_buf                                   0x20000270   Data         260  cuankou.o(.bss)
    rsp_queue                                0x20000374   Data          64  cuankou.o(.bss)
    .bss                                     0x200003b4   Section       72  public.o(.bss)
    .bss                                     0x200003fc   Section       96  libspace.o(.bss)
    HEAP                                     0x20000460   Section      512  startup_stm32f103xe.o(HEAP)
    Heap_Mem                                 0x20000460   Data         512  startup_stm32f103xe.o(HEAP)
    STACK                                    0x20000660   Section     1024  startup_stm32f103xe.o(STACK)
    Stack_Mem                                0x20000660   Data        1024  startup_stm32f103xe.o(STACK)
    __initial_sp                             0x20000a60   Data           0  startup_stm32f103xe.o(STACK)

    Global Symbols

    Symbol Name                              Value     Ov Type        Size  Object(Section)

    BuildAttributes$$THM_ISAv4$P$D$K$B$S$PE$A:L22UL41UL21$X:L11$S22US41US21$IEEE1$IW$USESV6$~STKCKD$USESV7$~SHL$OTIME$ROPI$IEEEX$EBA8$UX$STANDARDLIB$REQ8$PRES8$EABIv2 0x00000000   Number         0  anon$$obj.o ABSOLUTE
    __ARM_use_no_argv                        0x00000000   Number         0  main.o ABSOLUTE
    _printf_flags                            0x00000000   Number         0  printf_stubs.o ABSOLUTE
    _printf_return_value                     0x00000000   Number         0  printf_stubs.o ABSOLUTE
    _printf_sizespec                         0x00000000   Number         0  printf_stubs.o ABSOLUTE
    _printf_widthprec                        0x00000000   Number         0  printf_stubs.o ABSOLUTE
    __ARM_exceptions_init                     - Undefined Weak Reference
    __alloca_initialize                       - Undefined Weak Reference
    __arm_preinit_                            - Undefined Weak Reference
    __cpp_initialize__aeabi_                  - Undefined Weak Reference
    __cxa_finalize                            - Undefined Weak Reference
    __sigvec_lookup                           - Undefined Weak Reference
    _atexit_init                              - Undefined Weak Reference
    _call_atexit_fns                          - Undefined Weak Reference
    _clock_init                               - Undefined Weak Reference
    _fp_trap_init                             - Undefined Weak Reference
    _fp_trap_shutdown                         - Undefined Weak Reference
    _get_lc_collate                           - Undefined Weak Reference
    _get_lc_monetary                          - Undefined Weak Reference
    _get_lc_time                              - Undefined Weak Reference
    _getenv_init                              - Undefined Weak Reference
    _handle_redirection                       - Undefined Weak Reference
    _init_alloc                               - Undefined Weak Reference
    _init_user_alloc                          - Undefined Weak Reference
    _initio                                   - Undefined Weak Reference
    _printf_mbtowc                            - Undefined Weak Reference
    _printf_wc                                - Undefined Weak Reference
    _rand_init                                - Undefined Weak Reference
    _signal_finish                            - Undefined Weak Reference
    _signal_init                              - Undefined Weak Reference
    _terminate_alloc                          - Undefined Weak Reference
    _terminate_user_alloc                     - Undefined Weak Reference
    _terminateio                              - Undefined Weak Reference
    __Vectors_Size                           0x00000130   Number         0  startup_stm32f103xe.o ABSOLUTE
    __Vectors                                0x08000000   Data           4  startup_stm32f103xe.o(RESET)
    __Vectors_End                            0x08000130   Data           0  startup_stm32f103xe.o(RESET)
    __main                                   0x08000131   Thumb Code     8  __main.o(!!!main)
    __scatterload                            0x08000139   Thumb Code     0  __scatter.o(!!!scatter)
    __scatterload_rt2                        0x08000139   Thumb Code    44  __scatter.o(!!!scatter)
    __scatterload_rt2_thumb_only             0x08000139   Thumb Code     0  __scatter.o(!!!scatter)
    __scatterload_null                       0x08000147   Thumb Code     0  __scatter.o(!!!scatter)
    __scatterload_copy                       0x0800016d   Thumb Code    26  __scatter_copy.o(!!handler_copy)
    __scatterload_zeroinit                   0x08000189   Thumb Code    28  __scatter_zi.o(!!handler_zi)
    __rt_lib_init                            0x080001a5   Thumb Code     0  libinit.o(.ARM.Collect$$libinit$$00000000)
    __rt_lib_init_alloca_1                   0x080001a7   Thumb Code     0  libinit2.o(.ARM.Collect$$libinit$$0000002E)
    __rt_lib_init_argv_1                     0x080001a7   Thumb Code     0  libinit2.o(.ARM.Collect$$libinit$$0000002C)
    __rt_lib_init_atexit_1                   0x080001a7   Thumb Code     0  libinit2.o(.ARM.Collect$$libinit$$0000001B)
    __rt_lib_init_clock_1                    0x080001a7   Thumb Code     0  libinit2.o(.ARM.Collect$$libinit$$00000021)
    __rt_lib_init_cpp_1                      0x080001a7   Thumb Code     0  libinit2.o(.ARM.Collect$$libinit$$00000032)
    __rt_lib_init_exceptions_1               0x080001a7   Thumb Code     0  libinit2.o(.ARM.Collect$$libinit$$00000030)
    __rt_lib_init_fp_1                       0x080001a7   Thumb Code     0  libinit2.o(.ARM.Collect$$libinit$$00000002)
    __rt_lib_init_fp_trap_1                  0x080001a7   Thumb Code     0  libinit2.o(.ARM.Collect$$libinit$$0000001F)
    __rt_lib_init_getenv_1                   0x080001a7   Thumb Code     0  libinit2.o(.ARM.Collect$$libinit$$00000023)
    __rt_lib_init_heap_1                     0x080001a7   Thumb Code     0  libinit2.o(.ARM.Collect$$libinit$$0000000A)
    __rt_lib_init_lc_collate_1               0x080001a7   Thumb Code     0  libinit2.o(.ARM.Collect$$libinit$$00000011)
    __rt_lib_init_lc_ctype_1                 0x080001a7   Thumb Code     0  libinit2.o(.ARM.Collect$$libinit$$00000013)
    __rt_lib_init_lc_monetary_1              0x080001a7   Thumb Code     0  libinit2.o(.ARM.Collect$$libinit$$00000015)
    __rt_lib_init_lc_numeric_1               0x080001a7   Thumb Code     0  libinit2.o(.ARM.Collect$$libinit$$00000017)
    __rt_lib_init_lc_time_1                  0x080001a7   Thumb Code     0  libinit2.o(.ARM.Collect$$libinit$$00000019)
    __rt_lib_init_preinit_1                  0x080001a7   Thumb Code     0  libinit2.o(.ARM.Collect$$libinit$$00000004)
    __rt_lib_init_rand_1                     0x080001a7   Thumb Code     0  libinit2.o(.ARM.Collect$$libinit$$0000000E)
    __rt_lib_init_return                     0x080001a7   Thumb Code     0  libinit2.o(.ARM.Collect$$libinit$$00000033)
    __rt_lib_init_signal_1                   0x080001a7   Thumb Code     0  libinit2.o(.ARM.Collect$$libinit$$0000001D)
    __rt_lib_init_stdio_1                    0x080001a7   Thumb Code     0  libinit2.o(.ARM.Collect$$libinit$$00000025)
    __rt_lib_init_user_alloc_1               0x080001a7   Thumb Code     0  libinit2.o(.ARM.Collect$$libinit$$0000000C)
    __rt_lib_shutdown                        0x080001a9   Thumb Code     0  libshutdown.o(.ARM.Collect$$libshutdown$$00000000)
    __rt_lib_shutdown_cpp_1                  0x080001ab   Thumb Code     0  libshutdown2.o(.ARM.Collect$$libshutdown$$00000002)
    __rt_lib_shutdown_fp_trap_1              0x080001ab   Thumb Code     0  libshutdown2.o(.ARM.Collect$$libshutdown$$00000007)
    __rt_lib_shutdown_heap_1                 0x080001ab   Thumb Code     0  libshutdown2.o(.ARM.Collect$$libshutdown$$0000000F)
    __rt_lib_shutdown_return                 0x080001ab   Thumb Code     0  libshutdown2.o(.ARM.Collect$$libshutdown$$00000010)
    __rt_lib_shutdown_signal_1               0x080001ab   Thumb Code     0  libshutdown2.o(.ARM.Collect$$libshutdown$$0000000A)
    __rt_lib_shutdown_stdio_1                0x080001ab   Thumb Code     0  libshutdown2.o(.ARM.Collect$$libshutdown$$00000004)
    __rt_lib_shutdown_user_alloc_1           0x080001ab   Thumb Code     0  libshutdown2.o(.ARM.Collect$$libshutdown$$0000000C)
    __rt_entry                               0x080001ad   Thumb Code     0  __rtentry.o(.ARM.Collect$$rtentry$$00000000)
    __rt_entry_presh_1                       0x080001ad   Thumb Code     0  __rtentry2.o(.ARM.Collect$$rtentry$$00000002)
    __rt_entry_sh                            0x080001ad   Thumb Code     0  __rtentry4.o(.ARM.Collect$$rtentry$$00000004)
    __rt_entry_li                            0x080001b3   Thumb Code     0  __rtentry2.o(.ARM.Collect$$rtentry$$0000000A)
    __rt_entry_postsh_1                      0x080001b3   Thumb Code     0  __rtentry2.o(.ARM.Collect$$rtentry$$00000009)
    __rt_entry_main                          0x080001b7   Thumb Code     0  __rtentry2.o(.ARM.Collect$$rtentry$$0000000D)
    __rt_entry_postli_1                      0x080001b7   Thumb Code     0  __rtentry2.o(.ARM.Collect$$rtentry$$0000000C)
    __rt_exit                                0x080001bf   Thumb Code     0  rtexit.o(.ARM.Collect$$rtexit$$00000000)
    __rt_exit_ls                             0x080001c1   Thumb Code     0  rtexit2.o(.ARM.Collect$$rtexit$$00000003)
    __rt_exit_prels_1                        0x080001c1   Thumb Code     0  rtexit2.o(.ARM.Collect$$rtexit$$00000002)
    __rt_exit_exit                           0x080001c5   Thumb Code     0  rtexit2.o(.ARM.Collect$$rtexit$$00000004)
    Reset_Handler                            0x080001cd   Thumb Code     8  startup_stm32f103xe.o(.text)
    ADC1_2_IRQHandler                        0x080001e7   Thumb Code     0  startup_stm32f103xe.o(.text)
    ADC3_IRQHandler                          0x080001e7   Thumb Code     0  startup_stm32f103xe.o(.text)
    CAN1_RX1_IRQHandler                      0x080001e7   Thumb Code     0  startup_stm32f103xe.o(.text)
    CAN1_SCE_IRQHandler                      0x080001e7   Thumb Code     0  startup_stm32f103xe.o(.text)
    DMA1_Channel1_IRQHandler                 0x080001e7   Thumb Code     0  startup_stm32f103xe.o(.text)
    DMA1_Channel2_IRQHandler                 0x080001e7   Thumb Code     0  startup_stm32f103xe.o(.text)
    DMA1_Channel3_IRQHandler                 0x080001e7   Thumb Code     0  startup_stm32f103xe.o(.text)
    DMA1_Channel5_IRQHandler                 0x080001e7   Thumb Code     0  startup_stm32f103xe.o(.text)
    DMA1_Channel6_IRQHandler                 0x080001e7   Thumb Code     0  startup_stm32f103xe.o(.text)
    DMA1_Channel7_IRQHandler                 0x080001e7   Thumb Code     0  startup_stm32f103xe.o(.text)
    DMA2_Channel1_IRQHandler                 0x080001e7   Thumb Code     0  startup_stm32f103xe.o(.text)
    DMA2_Channel2_IRQHandler                 0x080001e7   Thumb Code     0  startup_stm32f103xe.o(.text)
    DMA2_Channel3_IRQHandler                 0x080001e7   Thumb Code     0  startup_stm32f103xe.o(.text)
    DMA2_Channel4_5_IRQHandler               0x080001e7   Thumb Code     0  startup_stm32f103xe.o(.text)
    EXTI0_IRQHandler                         0x080001e7   Thumb Code     0  startup_stm32f103xe.o(.text)
    EXTI1_IRQHandler                         0x080001e7   Thumb Code     0  startup_stm32f103xe.o(.text)
    EXTI2_IRQHandler                         0x080001e7   Thumb Code     0  startup_stm32f103xe.o(.text)
    EXTI3_IRQHandler                         0x080001e7   Thumb Code     0  startup_stm32f103xe.o(.text)
    EXTI4_IRQHandler                         0x080001e7   Thumb Code     0  startup_stm32f103xe.o(.text)
    EXTI9_5_IRQHandler                       0x080001e7   Thumb Code     0  startup_stm32f103xe.o(.text)
    FLASH_IRQHandler                         0x080001e7   Thumb Code     0  startup_stm32f103xe.o(.text)
    FSMC_IRQHandler                          0x080001e7   Thumb Code     0  startup_stm32f103xe.o(.text)
    I2C1_ER_IRQHandler                       0x080001e7   Thumb Code     0  startup_stm32f103xe.o(.text)
    I2C1_EV_IRQHandler                       0x080001e7   Thumb Code     0  startup_stm32f103xe.o(.text)
    I2C2_ER_IRQHandler                       0x080001e7   Thumb Code     0  startup_stm32f103xe.o(.text)
    I2C2_EV_IRQHandler                       0x080001e7   Thumb Code     0  startup_stm32f103xe.o(.text)
    RCC_IRQHandler                           0x080001e7   Thumb Code     0  startup_stm32f103xe.o(.text)
    RTC_Alarm_IRQHandler                     0x080001e7   Thumb Code     0  startup_stm32f103xe.o(.text)
    RTC_IRQHandler                           0x080001e7   Thumb Code     0  startup_stm32f103xe.o(.text)
    SDIO_IRQHandler                          0x080001e7   Thumb Code     0  startup_stm32f103xe.o(.text)
    SPI1_IRQHandler                          0x080001e7   Thumb Code     0  startup_stm32f103xe.o(.text)
    SPI2_IRQHandler                          0x080001e7   Thumb Code     0  startup_stm32f103xe.o(.text)
    SPI3_IRQHandler                          0x080001e7   Thumb Code     0  startup_stm32f103xe.o(.text)
    TAMPER_IRQHandler                        0x080001e7   Thumb Code     0  startup_stm32f103xe.o(.text)
    TIM1_BRK_IRQHandler                      0x080001e7   Thumb Code     0  startup_stm32f103xe.o(.text)
    TIM1_CC_IRQHandler                       0x080001e7   Thumb Code     0  startup_stm32f103xe.o(.text)
    TIM1_TRG_COM_IRQHandler                  0x080001e7   Thumb Code     0  startup_stm32f103xe.o(.text)
    TIM1_UP_IRQHandler                       0x080001e7   Thumb Code     0  startup_stm32f103xe.o(.text)
    TIM3_IRQHandler                          0x080001e7   Thumb Code     0  startup_stm32f103xe.o(.text)
    TIM4_IRQHandler                          0x080001e7   Thumb Code     0  startup_stm32f103xe.o(.text)
    TIM5_IRQHandler                          0x080001e7   Thumb Code     0  startup_stm32f103xe.o(.text)
    TIM6_IRQHandler                          0x080001e7   Thumb Code     0  startup_stm32f103xe.o(.text)
    TIM7_IRQHandler                          0x080001e7   Thumb Code     0  startup_stm32f103xe.o(.text)
    TIM8_BRK_IRQHandler                      0x080001e7   Thumb Code     0  startup_stm32f103xe.o(.text)
    TIM8_CC_IRQHandler                       0x080001e7   Thumb Code     0  startup_stm32f103xe.o(.text)
    TIM8_TRG_COM_IRQHandler                  0x080001e7   Thumb Code     0  startup_stm32f103xe.o(.text)
    TIM8_UP_IRQHandler                       0x080001e7   Thumb Code     0  startup_stm32f103xe.o(.text)
    UART4_IRQHandler                         0x080001e7   Thumb Code     0  startup_stm32f103xe.o(.text)
    UART5_IRQHandler                         0x080001e7   Thumb Code     0  startup_stm32f103xe.o(.text)
    USART2_IRQHandler                        0x080001e7   Thumb Code     0  startup_stm32f103xe.o(.text)
    USART3_IRQHandler                        0x080001e7   Thumb Code     0  startup_stm32f103xe.o(.text)
    USBWakeUp_IRQHandler                     0x080001e7   Thumb Code     0  startup_stm32f103xe.o(.text)
    USB_HP_CAN1_TX_IRQHandler                0x080001e7   Thumb Code     0  startup_stm32f103xe.o(.text)
    USB_LP_CAN1_RX0_IRQHandler               0x080001e7   Thumb Code     0  startup_stm32f103xe.o(.text)
    WWDG_IRQHandler                          0x080001e7   Thumb Code     0  startup_stm32f103xe.o(.text)
    __user_initial_stackheap                 0x080001e9   Thumb Code     0  startup_stm32f103xe.o(.text)
    __aeabi_llsr                             0x0800020d   Thumb Code     0  llushr.o(.text)
    _ll_ushift_r                             0x0800020d   Thumb Code    38  llushr.o(.text)
    __aeabi_memclr4                          0x08000233   Thumb Code     0  rt_memclr_w.o(.text)
    __aeabi_memclr8                          0x08000233   Thumb Code     0  rt_memclr_w.o(.text)
    __rt_memclr_w                            0x08000233   Thumb Code    78  rt_memclr_w.o(.text)
    _memset_w                                0x08000237   Thumb Code     0  rt_memclr_w.o(.text)
    __use_two_region_memory                  0x08000281   Thumb Code     2  heapauxi.o(.text)
    __rt_heap_escrow$2region                 0x08000283   Thumb Code     2  heapauxi.o(.text)
    __rt_heap_expand$2region                 0x08000285   Thumb Code     2  heapauxi.o(.text)
    __read_errno                             0x08000287   Thumb Code    10  _rserrno.o(.text)
    __set_errno                              0x08000291   Thumb Code    12  _rserrno.o(.text)
    __aeabi_errno_addr                       0x0800029d   Thumb Code     8  rt_errno_addr_intlibspace.o(.text)
    __errno$intlibspace                      0x0800029d   Thumb Code     0  rt_errno_addr_intlibspace.o(.text)
    __rt_errno_addr$intlibspace              0x0800029d   Thumb Code     0  rt_errno_addr_intlibspace.o(.text)
    __user_libspace                          0x080002a5   Thumb Code     8  libspace.o(.text)
    __user_perproc_libspace                  0x080002a5   Thumb Code     0  libspace.o(.text)
    __user_perthread_libspace                0x080002a5   Thumb Code     0  libspace.o(.text)
    __user_setup_stackheap                   0x080002ad   Thumb Code    74  sys_stackheap_outer.o(.text)
    exit                                     0x080002f7   Thumb Code    18  exit.o(.text)
    _sys_exit                                0x08000309   Thumb Code     8  sys_exit.o(.text)
    __I$use$semihosting                      0x08000315   Thumb Code     0  use_no_semi.o(.text)
    __use_no_semihosting_swi                 0x08000315   Thumb Code     2  use_no_semi.o(.text)
    BusFault_Handler                         0x08000317   Thumb Code     4  stm32f1xx_it.o(i.BusFault_Handler)
    __semihosting_library_function           0x08000317   Thumb Code     0  indicate_semi.o(.text)
    DAC_SetVoltage_Int                       0x0800031d   Thumb Code   102  public.o(i.DAC_SetVoltage_Int)
    DAC_fade_tick                            0x08000395   Thumb Code   208  public.o(i.DAC_fade_tick)
    DAC_set                                  0x08000479   Thumb Code   180  public.o(i.DAC_set)
    DAC_set_instant                          0x08000545   Thumb Code    94  public.o(i.DAC_set_instant)
    DMA1_Channel4_IRQHandler                 0x080005bd   Thumb Code    10  stm32f1xx_it.o(i.DMA1_Channel4_IRQHandler)
    DS18B20_Get                              0x080005cd   Thumb Code   152  ds18b20.o(i.DS18B20_Get)
    DS18B20_Read_Byte                        0x0800066d   Thumb Code   122  ds18b20.o(i.DS18B20_Read_Byte)
    DS18B20_Rst                              0x080006f1   Thumb Code   182  ds18b20.o(i.DS18B20_Rst)
    DS18B20_Write_Byte                       0x080007b1   Thumb Code   120  ds18b20.o(i.DS18B20_Write_Byte)
    DS18B20_convert                          0x08000831   Thumb Code    44  ds18b20.o(i.DS18B20_convert)
    DebugMon_Handler                         0x08000861   Thumb Code     2  stm32f1xx_it.o(i.DebugMon_Handler)
    EXTI15_10_IRQHandler                     0x08000865   Thumb Code    14  stm32f1xx_it.o(i.EXTI15_10_IRQHandler)
    Error_Handler                            0x08000879   Thumb Code    10  main.o(i.Error_Handler)
    FLASH_PageErase                          0x080008ad   Thumb Code    32  stm32f1xx_hal_flash_ex.o(i.FLASH_PageErase)
    FLASH_WaitForLastOperation               0x08000979   Thumb Code   106  stm32f1xx_hal_flash.o(i.FLASH_WaitForLastOperation)
    HAL_DAC_ConfigChannel                    0x080009e9   Thumb Code   110  stm32f1xx_hal_dac.o(i.HAL_DAC_ConfigChannel)
    HAL_DAC_Init                             0x08000a57   Thumb Code    40  stm32f1xx_hal_dac.o(i.HAL_DAC_Init)
    HAL_DAC_MspInit                          0x08000a81   Thumb Code    98  dac.o(i.HAL_DAC_MspInit)
    HAL_DAC_SetValue                         0x08000af1   Thumb Code    50  stm32f1xx_hal_dac.o(i.HAL_DAC_SetValue)
    HAL_DAC_Start                            0x08000b23   Thumb Code   126  stm32f1xx_hal_dac.o(i.HAL_DAC_Start)
    HAL_DMA_IRQHandler                       0x08000ba1   Thumb Code   910  stm32f1xx_hal_dma.o(i.HAL_DMA_IRQHandler)
    HAL_DMA_Init                             0x08000f39   Thumb Code   132  stm32f1xx_hal_dma.o(i.HAL_DMA_Init)
    HAL_Delay                                0x08000fc5   Thumb Code    36  stm32f1xx_hal.o(i.HAL_Delay)
    HAL_FLASHEx_Erase                        0x08000fed   Thumb Code   168  stm32f1xx_hal_flash_ex.o(i.HAL_FLASHEx_Erase)
    HAL_FLASH_Lock                           0x0800109d   Thumb Code    16  stm32f1xx_hal_flash.o(i.HAL_FLASH_Lock)
    HAL_FLASH_Program                        0x080010b1   Thumb Code   168  stm32f1xx_hal_flash.o(i.HAL_FLASH_Program)
    HAL_FLASH_Unlock                         0x08001161   Thumb Code    36  stm32f1xx_hal_flash.o(i.HAL_FLASH_Unlock)
    HAL_GPIO_Init                            0x08001191   Thumb Code   792  stm32f1xx_hal_gpio.o(i.HAL_GPIO_Init)
    HAL_GPIO_WritePin                        0x080014d1   Thumb Code    12  stm32f1xx_hal_gpio.o(i.HAL_GPIO_WritePin)
    HAL_GetTick                              0x080014dd   Thumb Code     6  stm32f1xx_hal.o(i.HAL_GetTick)
    HAL_IWDG_Init                            0x080014e9   Thumb Code    94  stm32f1xx_hal_iwdg.o(i.HAL_IWDG_Init)
    HAL_IncTick                              0x08001549   Thumb Code    16  stm32f1xx_hal.o(i.HAL_IncTick)
    HAL_Init                                 0x08001561   Thumb Code    34  stm32f1xx_hal.o(i.HAL_Init)
    HAL_InitTick                             0x08001589   Thumb Code    64  stm32f1xx_hal.o(i.HAL_InitTick)
    HAL_MspInit                              0x080015d5   Thumb Code    76  stm32f1xx_hal_msp.o(i.HAL_MspInit)
    HAL_NVIC_EnableIRQ                       0x08001629   Thumb Code    32  stm32f1xx_hal_cortex.o(i.HAL_NVIC_EnableIRQ)
    HAL_NVIC_SetPriority                     0x08001649   Thumb Code   124  stm32f1xx_hal_cortex.o(i.HAL_NVIC_SetPriority)
    HAL_NVIC_SetPriorityGrouping             0x080016c5   Thumb Code    32  stm32f1xx_hal_cortex.o(i.HAL_NVIC_SetPriorityGrouping)
    HAL_PWR_ConfigPVD                        0x080016ed   Thumb Code   172  stm32f1xx_hal_pwr.o(i.HAL_PWR_ConfigPVD)
    HAL_PWR_EnablePVD                        0x080017a1   Thumb Code     8  stm32f1xx_hal_pwr.o(i.HAL_PWR_EnablePVD)
    HAL_PWR_PVDCallback                      0x080017ad   Thumb Code    34  public.o(i.HAL_PWR_PVDCallback)
    HAL_PWR_PVD_IRQHandler                   0x080017d5   Thumb Code    26  stm32f1xx_hal_pwr.o(i.HAL_PWR_PVD_IRQHandler)
    HAL_RCC_ClockConfig                      0x080017f5   Thumb Code   376  stm32f1xx_hal_rcc.o(i.HAL_RCC_ClockConfig)
    HAL_RCC_GetHCLKFreq                      0x08001981   Thumb Code     6  stm32f1xx_hal_rcc.o(i.HAL_RCC_GetHCLKFreq)
    HAL_RCC_GetPCLK1Freq                     0x0800198d   Thumb Code    22  stm32f1xx_hal_rcc.o(i.HAL_RCC_GetPCLK1Freq)
    HAL_RCC_GetPCLK2Freq                     0x080019ad   Thumb Code    22  stm32f1xx_hal_rcc.o(i.HAL_RCC_GetPCLK2Freq)
    HAL_RCC_GetSysClockFreq                  0x080019cd   Thumb Code    92  stm32f1xx_hal_rcc.o(i.HAL_RCC_GetSysClockFreq)
    HAL_RCC_OscConfig                        0x08001a3d   Thumb Code  1114  stm32f1xx_hal_rcc.o(i.HAL_RCC_OscConfig)
    HAL_SYSTICK_Config                       0x08001ea1   Thumb Code    52  stm32f1xx_hal_cortex.o(i.HAL_SYSTICK_Config)
    HAL_TIMEx_BreakCallback                  0x08001ed5   Thumb Code     2  stm32f1xx_hal_tim_ex.o(i.HAL_TIMEx_BreakCallback)
    HAL_TIMEx_CommutCallback                 0x08001ed7   Thumb Code     2  stm32f1xx_hal_tim_ex.o(i.HAL_TIMEx_CommutCallback)
    HAL_TIM_IC_CaptureCallback               0x08001ed9   Thumb Code     2  stm32f1xx_hal_tim.o(i.HAL_TIM_IC_CaptureCallback)
    HAL_TIM_IRQHandler                       0x08001edb   Thumb Code   406  stm32f1xx_hal_tim.o(i.HAL_TIM_IRQHandler)
    HAL_TIM_OC_DelayElapsedCallback          0x08002071   Thumb Code     2  stm32f1xx_hal_tim.o(i.HAL_TIM_OC_DelayElapsedCallback)
    HAL_TIM_PWM_PulseFinishedCallback        0x08002073   Thumb Code     2  stm32f1xx_hal_tim.o(i.HAL_TIM_PWM_PulseFinishedCallback)
    HAL_TIM_PeriodElapsedCallback            0x08002075   Thumb Code    32  tim.o(i.HAL_TIM_PeriodElapsedCallback)
    HAL_TIM_TriggerCallback                  0x08002099   Thumb Code     2  stm32f1xx_hal_tim.o(i.HAL_TIM_TriggerCallback)
    HAL_UART_Init                            0x0800209b   Thumb Code   118  stm32f1xx_hal_uart.o(i.HAL_UART_Init)
    HAL_UART_MspInit                         0x08002111   Thumb Code   192  usart.o(i.HAL_UART_MspInit)
    HardFault_Handler                        0x080021e5   Thumb Code     4  stm32f1xx_it.o(i.HardFault_Handler)
    MX_DAC_Init                              0x080021e9   Thumb Code    66  dac.o(i.MX_DAC_Init)
    MX_DMA_Init                              0x08002235   Thumb Code    48  dma.o(i.MX_DMA_Init)
    MX_GPIO_Init                             0x08002269   Thumb Code   470  gpio.o(i.MX_GPIO_Init)
    MX_IWDG_Init                             0x08002459   Thumb Code    32  iwdg.o(i.MX_IWDG_Init)
    MX_USART1_UART_Init                      0x08002481   Thumb Code    62  usart.o(i.MX_USART1_UART_Init)
    MemManage_Handler                        0x080024c9   Thumb Code     4  stm32f1xx_it.o(i.MemManage_Handler)
    NMI_Handler                              0x080024cd   Thumb Code     4  stm32f1xx_it.o(i.NMI_Handler)
    PVD_IRQHandler                           0x080024d1   Thumb Code     8  stm32f1xx_it.o(i.PVD_IRQHandler)
    PendSV_Handler                           0x080024d9   Thumb Code     2  stm32f1xx_it.o(i.PendSV_Handler)
    SVC_Handler                              0x08002505   Thumb Code     2  stm32f1xx_it.o(i.SVC_Handler)
    SysTick_Handler                          0x08002507   Thumb Code     8  stm32f1xx_it.o(i.SysTick_Handler)
    SystemClock_Config                       0x0800250f   Thumb Code   102  main.o(i.SystemClock_Config)
    SystemInit                               0x08002575   Thumb Code     2  system_stm32f1xx.o(i.SystemInit)
    TIM2_IRQHandler                          0x08002579   Thumb Code    10  tim.o(i.TIM2_IRQHandler)
    USART1_IRQHandler                        0x08002685   Thumb Code    26  stm32f1xx_it.o(i.USART1_IRQHandler)
    UsageFault_Handler                       0x080026a5   Thumb Code     4  stm32f1xx_it.o(i.UsageFault_Handler)
    __ARM_fpclassify                         0x080026a9   Thumb Code    40  fpclassify.o(i.__ARM_fpclassify)
    __kernel_poly                            0x08002709   Thumb Code   170  poly.o(i.__kernel_poly)
    __mathlib_dbl_divzero                    0x080027b5   Thumb Code    12  dunder.o(i.__mathlib_dbl_divzero)
    __mathlib_dbl_infnan                     0x080027c5   Thumb Code     6  dunder.o(i.__mathlib_dbl_infnan)
    __mathlib_dbl_invalid                    0x080027cb   Thumb Code    12  dunder.o(i.__mathlib_dbl_invalid)
    __mathlib_dbl_overflow                   0x080027d7   Thumb Code    14  dunder.o(i.__mathlib_dbl_overflow)
    __mathlib_dbl_underflow                  0x080027e5   Thumb Code    10  dunder.o(i.__mathlib_dbl_underflow)
    brightness_to_current_mA                 0x080027f5   Thumb Code   244  public.o(i.brightness_to_current_mA)
    callback_232                             0x08002979   Thumb Code   176  cuankou.o(i.callback_232)
    color_temp_apply                         0x08002d51   Thumb Code   158  public.o(i.color_temp_apply)
    dac_fade_is_idle                         0x08002dfd   Thumb Code    20  public.o(i.dac_fade_is_idle)
    encoder_init                             0x08002e15   Thumb Code    46  keydisp.o(i.encoder_init)
    encoder_scan                             0x08002e65   Thumb Code   524  keydisp.o(i.encoder_scan)
    exp                                      0x08003095   Thumb Code   554  exp.o(i.exp)
    fan_set                                  0x08003319   Thumb Code     8  public.o(i.fan_set)
    flash_eeprom_init                        0x08003321   Thumb Code    66  flash_eeprom.o(i.flash_eeprom_init)
    flash_eeprom_read                        0x08003379   Thumb Code   232  flash_eeprom.o(i.flash_eeprom_read)
    flash_eeprom_save                        0x0800346d   Thumb Code    68  flash_eeprom.o(i.flash_eeprom_save)
    flash_eeprom_save_brightness             0x080034c5   Thumb Code    18  flash_eeprom.o(i.flash_eeprom_save_brightness)
    init                                     0x08003595   Thumb Code   190  public.o(i.init)
    ledoff                                   0x08003669   Thumb Code    58  public.o(i.ledoff)
    log                                      0x080036b9   Thumb Code   808  log.o(i.log)
    mA_to_V                                  0x08003a15   Thumb Code    34  public.o(i.mA_to_V)
    main                                     0x08003a49   Thumb Code   286  main.o(i.main)
    rsp_flush                                0x08003e99   Thumb Code   106  cuankou.o(i.rsp_flush)
    temperature_read                         0x08003f89   Thumb Code   206  public.o(i.temperature_read)
    __aeabi_dadd                             0x08004079   Thumb Code     0  daddsub_clz.o(x$fpl$dadd)
    _dadd                                    0x08004079   Thumb Code   332  daddsub_clz.o(x$fpl$dadd)
    __fpl_dcheck_NaN1                        0x080041c9   Thumb Code    10  dcheck1.o(x$fpl$dcheck1)
    __fpl_dcmp_Inf                           0x080041d9   Thumb Code    24  dcmpi.o(x$fpl$dcmpinf)
    __aeabi_ddiv                             0x080041f1   Thumb Code     0  ddiv.o(x$fpl$ddiv)
    _ddiv                                    0x080041f1   Thumb Code   552  ddiv.o(x$fpl$ddiv)
    __aeabi_cdcmpeq                          0x080044a1   Thumb Code     0  deqf.o(x$fpl$deqf)
    _dcmpeq                                  0x080044a1   Thumb Code   120  deqf.o(x$fpl$deqf)
    __aeabi_d2iz                             0x08004519   Thumb Code     0  dfix.o(x$fpl$dfix)
    _dfix                                    0x08004519   Thumb Code    94  dfix.o(x$fpl$dfix)
    __aeabi_d2uiz                            0x08004579   Thumb Code     0  dfixu.o(x$fpl$dfixu)
    _dfixu                                   0x08004579   Thumb Code    90  dfixu.o(x$fpl$dfixu)
    __aeabi_i2d                              0x080045d3   Thumb Code     0  dflt_clz.o(x$fpl$dflt)
    _dflt                                    0x080045d3   Thumb Code    46  dflt_clz.o(x$fpl$dflt)
    __aeabi_ui2d                             0x08004601   Thumb Code     0  dflt_clz.o(x$fpl$dfltu)
    _dfltu                                   0x08004601   Thumb Code    38  dflt_clz.o(x$fpl$dfltu)
    __aeabi_cdcmple                          0x08004629   Thumb Code     0  dleqf.o(x$fpl$dleqf)
    _dcmple                                  0x08004629   Thumb Code   120  dleqf.o(x$fpl$dleqf)
    __fpl_dcmple_InfNaN                      0x0800468b   Thumb Code     0  dleqf.o(x$fpl$dleqf)
    __aeabi_dmul                             0x080046a1   Thumb Code     0  dmul.o(x$fpl$dmul)
    _dmul                                    0x080046a1   Thumb Code   332  dmul.o(x$fpl$dmul)
    __fpl_dnaninf                            0x080047f5   Thumb Code   156  dnaninf.o(x$fpl$dnaninf)
    __fpl_dretinf                            0x08004891   Thumb Code    12  dretinf.o(x$fpl$dretinf)
    __aeabi_cdrcmple                         0x0800489d   Thumb Code     0  drleqf.o(x$fpl$drleqf)
    _drcmple                                 0x0800489d   Thumb Code   108  drleqf.o(x$fpl$drleqf)
    __aeabi_drsub                            0x08004909   Thumb Code     0  daddsub_clz.o(x$fpl$drsb)
    _drsb                                    0x08004909   Thumb Code    22  daddsub_clz.o(x$fpl$drsb)
    __aeabi_dsub                             0x08004921   Thumb Code     0  daddsub_clz.o(x$fpl$dsub)
    _dsub                                    0x08004921   Thumb Code   464  daddsub_clz.o(x$fpl$dsub)
    __aeabi_f2d                              0x08004af5   Thumb Code     0  f2d.o(x$fpl$f2d)
    _f2d                                     0x08004af5   Thumb Code    86  f2d.o(x$fpl$f2d)
    __aeabi_fadd                             0x08004b4d   Thumb Code     0  faddsub_clz.o(x$fpl$fadd)
    _fadd                                    0x08004b4d   Thumb Code   196  faddsub_clz.o(x$fpl$fadd)
    __aeabi_fdiv                             0x08004c11   Thumb Code     0  fdiv.o(x$fpl$fdiv)
    _fdiv                                    0x08004c11   Thumb Code   384  fdiv.o(x$fpl$fdiv)
    __aeabi_f2uiz                            0x08004d95   Thumb Code     0  ffixu.o(x$fpl$ffixu)
    _ffixu                                   0x08004d95   Thumb Code    62  ffixu.o(x$fpl$ffixu)
    __aeabi_i2f                              0x08004dd5   Thumb Code     0  fflt_clz.o(x$fpl$fflt)
    _fflt                                    0x08004dd5   Thumb Code    48  fflt_clz.o(x$fpl$fflt)
    __aeabi_fmul                             0x08004e05   Thumb Code     0  fmul.o(x$fpl$fmul)
    _fmul                                    0x08004e05   Thumb Code   258  fmul.o(x$fpl$fmul)
    __fpl_fnaninf                            0x08004f07   Thumb Code   140  fnaninf.o(x$fpl$fnaninf)
    __fpl_fretinf                            0x08004f93   Thumb Code    10  fretinf.o(x$fpl$fretinf)
    __aeabi_fsub                             0x08004f9d   Thumb Code     0  faddsub_clz.o(x$fpl$fsub)
    _fsub                                    0x08004f9d   Thumb Code   234  faddsub_clz.o(x$fpl$fsub)
    __fpl_return_NaN                         0x08005087   Thumb Code   100  retnan.o(x$fpl$retnan)
    __ARM_scalbn                             0x080050eb   Thumb Code    92  scalbn.o(x$fpl$scalbn)
    __fpl_cmpreturn                          0x08005147   Thumb Code    48  trapv.o(x$fpl$trapveneer)
    __I$use$fp                               0x08005176   Number         0  usenofp.o(x$fpl$usenofp)
    AHBPrescTable                            0x08005188   Data          16  system_stm32f1xx.o(.constdata)
    APBPrescTable                            0x08005198   Data           8  system_stm32f1xx.o(.constdata)
    g_config                                 0x080051b6   Data          30  public.o(.constdata)
    __mathlib_zero                           0x08005268   Data           8  qnan.o(.constdata)
    Region$$Table$$Base                      0x08005270   Number         0  anon$$obj.o(Region$$Table)
    Region$$Table$$Limit                     0x08005290   Number         0  anon$$obj.o(Region$$Table)
    uwTick                                   0x20000010   Data           4  stm32f1xx_hal.o(.data)
    uwTickPrio                               0x20000014   Data           4  stm32f1xx_hal.o(.data)
    uwTickFreq                               0x20000018   Data           1  stm32f1xx_hal.o(.data)
    SystemCoreClock                          0x2000001c   Data           4  system_stm32f1xx.o(.data)
    hdac                                     0x20000058   Data          20  dac.o(.bss)
    hiwdg                                    0x2000006c   Data          12  iwdg.o(.bss)
    htim2                                    0x20000078   Data          72  tim.o(.bss)
    huart1                                   0x200000c0   Data          72  usart.o(.bss)
    hdma_usart1_tx                           0x20000108   Data          68  usart.o(.bss)
    pFlash                                   0x20000250   Data          32  stm32f1xx_hal_flash.o(.bss)
    g_lamp                                   0x200003b4   Data          72  public.o(.bss)
    __libspace_start                         0x200003fc   Data          96  libspace.o(.bss)
    __temporary_stack_top$libspace           0x2000045c   Data           0  libspace.o(.bss)



==============================================================================

Memory Map of the image

  Image Entry point : 0x08000131

  Load Region LR_IROM1 (Base: 0x08000000, Size: 0x000052e8, Max: 0x00040000, ABSOLUTE)

    Execution Region ER_IROM1 (Exec base: 0x08000000, Load base: 0x08000000, Size: 0x00005290, Max: 0x00040000, ABSOLUTE)

    Exec Addr    Load Addr    Size         Type   Attr      Idx    E Section Name        Object

    0x08000000   0x08000000   0x00000130   Data   RO            3    RESET               startup_stm32f103xe.o
    0x08000130   0x08000130   0x00000008   Code   RO         3990  * !!!main             c_w.l(__main.o)
    0x08000138   0x08000138   0x00000034   Code   RO         4431    !!!scatter          c_w.l(__scatter.o)
    0x0800016c   0x0800016c   0x0000001a   Code   RO         4433    !!handler_copy      c_w.l(__scatter_copy.o)
    0x08000186   0x08000186   0x00000002   PAD
    0x08000188   0x08000188   0x0000001c   Code   RO         4435    !!handler_zi        c_w.l(__scatter_zi.o)
    0x080001a4   0x080001a4   0x00000002   Code   RO         4293    .ARM.Collect$$libinit$$00000000  c_w.l(libinit.o)
    0x080001a6   0x080001a6   0x00000000   Code   RO         4306    .ARM.Collect$$libinit$$00000002  c_w.l(libinit2.o)
    0x080001a6   0x080001a6   0x00000000   Code   RO         4308    .ARM.Collect$$libinit$$00000004  c_w.l(libinit2.o)
    0x080001a6   0x080001a6   0x00000000   Code   RO         4311    .ARM.Collect$$libinit$$0000000A  c_w.l(libinit2.o)
    0x080001a6   0x080001a6   0x00000000   Code   RO         4313    .ARM.Collect$$libinit$$0000000C  c_w.l(libinit2.o)
    0x080001a6   0x080001a6   0x00000000   Code   RO         4315    .ARM.Collect$$libinit$$0000000E  c_w.l(libinit2.o)
    0x080001a6   0x080001a6   0x00000000   Code   RO         4318    .ARM.Collect$$libinit$$00000011  c_w.l(libinit2.o)
    0x080001a6   0x080001a6   0x00000000   Code   RO         4320    .ARM.Collect$$libinit$$00000013  c_w.l(libinit2.o)
    0x080001a6   0x080001a6   0x00000000   Code   RO         4322    .ARM.Collect$$libinit$$00000015  c_w.l(libinit2.o)
    0x080001a6   0x080001a6   0x00000000   Code   RO         4324    .ARM.Collect$$libinit$$00000017  c_w.l(libinit2.o)
    0x080001a6   0x080001a6   0x00000000   Code   RO         4326    .ARM.Collect$$libinit$$00000019  c_w.l(libinit2.o)
    0x080001a6   0x080001a6   0x00000000   Code   RO         4328    .ARM.Collect$$libinit$$0000001B  c_w.l(libinit2.o)
    0x080001a6   0x080001a6   0x00000000   Code   RO         4330    .ARM.Collect$$libinit$$0000001D  c_w.l(libinit2.o)
    0x080001a6   0x080001a6   0x00000000   Code   RO         4332    .ARM.Collect$$libinit$$0000001F  c_w.l(libinit2.o)
    0x080001a6   0x080001a6   0x00000000   Code   RO         4334    .ARM.Collect$$libinit$$00000021  c_w.l(libinit2.o)
    0x080001a6   0x080001a6   0x00000000   Code   RO         4336    .ARM.Collect$$libinit$$00000023  c_w.l(libinit2.o)
    0x080001a6   0x080001a6   0x00000000   Code   RO         4338    .ARM.Collect$$libinit$$00000025  c_w.l(libinit2.o)
    0x080001a6   0x080001a6   0x00000000   Code   RO         4342    .ARM.Collect$$libinit$$0000002C  c_w.l(libinit2.o)
    0x080001a6   0x080001a6   0x00000000   Code   RO         4344    .ARM.Collect$$libinit$$0000002E  c_w.l(libinit2.o)
    0x080001a6   0x080001a6   0x00000000   Code   RO         4346    .ARM.Collect$$libinit$$00000030  c_w.l(libinit2.o)
    0x080001a6   0x080001a6   0x00000000   Code   RO         4348    .ARM.Collect$$libinit$$00000032  c_w.l(libinit2.o)
    0x080001a6   0x080001a6   0x00000002   Code   RO         4349    .ARM.Collect$$libinit$$00000033  c_w.l(libinit2.o)
    0x080001a8   0x080001a8   0x00000002   Code   RO         4371    .ARM.Collect$$libshutdown$$00000000  c_w.l(libshutdown.o)
    0x080001aa   0x080001aa   0x00000000   Code   RO         4384    .ARM.Collect$$libshutdown$$00000002  c_w.l(libshutdown2.o)
    0x080001aa   0x080001aa   0x00000000   Code   RO         4386    .ARM.Collect$$libshutdown$$00000004  c_w.l(libshutdown2.o)
    0x080001aa   0x080001aa   0x00000000   Code   RO         4389    .ARM.Collect$$libshutdown$$00000007  c_w.l(libshutdown2.o)
    0x080001aa   0x080001aa   0x00000000   Code   RO         4392    .ARM.Collect$$libshutdown$$0000000A  c_w.l(libshutdown2.o)
    0x080001aa   0x080001aa   0x00000000   Code   RO         4394    .ARM.Collect$$libshutdown$$0000000C  c_w.l(libshutdown2.o)
    0x080001aa   0x080001aa   0x00000000   Code   RO         4397    .ARM.Collect$$libshutdown$$0000000F  c_w.l(libshutdown2.o)
    0x080001aa   0x080001aa   0x00000002   Code   RO         4398    .ARM.Collect$$libshutdown$$00000010  c_w.l(libshutdown2.o)
    0x080001ac   0x080001ac   0x00000000   Code   RO         4066    .ARM.Collect$$rtentry$$00000000  c_w.l(__rtentry.o)
    0x080001ac   0x080001ac   0x00000000   Code   RO         4205    .ARM.Collect$$rtentry$$00000002  c_w.l(__rtentry2.o)
    0x080001ac   0x080001ac   0x00000006   Code   RO         4217    .ARM.Collect$$rtentry$$00000004  c_w.l(__rtentry4.o)
    0x080001b2   0x080001b2   0x00000000   Code   RO         4207    .ARM.Collect$$rtentry$$00000009  c_w.l(__rtentry2.o)
    0x080001b2   0x080001b2   0x00000004   Code   RO         4208    .ARM.Collect$$rtentry$$0000000A  c_w.l(__rtentry2.o)
    0x080001b6   0x080001b6   0x00000000   Code   RO         4210    .ARM.Collect$$rtentry$$0000000C  c_w.l(__rtentry2.o)
    0x080001b6   0x080001b6   0x00000008   Code   RO         4211    .ARM.Collect$$rtentry$$0000000D  c_w.l(__rtentry2.o)
    0x080001be   0x080001be   0x00000002   Code   RO         4298    .ARM.Collect$$rtexit$$00000000  c_w.l(rtexit.o)
    0x080001c0   0x080001c0   0x00000000   Code   RO         4353    .ARM.Collect$$rtexit$$00000002  c_w.l(rtexit2.o)
    0x080001c0   0x080001c0   0x00000004   Code   RO         4354    .ARM.Collect$$rtexit$$00000003  c_w.l(rtexit2.o)
    0x080001c4   0x080001c4   0x00000006   Code   RO         4355    .ARM.Collect$$rtexit$$00000004  c_w.l(rtexit2.o)
    0x080001ca   0x080001ca   0x00000002   PAD
    0x080001cc   0x080001cc   0x00000040   Code   RO            4    .text               startup_stm32f103xe.o
    0x0800020c   0x0800020c   0x00000026   Code   RO         3982    .text               c_w.l(llushr.o)
    0x08000232   0x08000232   0x0000004e   Code   RO         3986    .text               c_w.l(rt_memclr_w.o)
    0x08000280   0x08000280   0x00000006   Code   RO         3988    .text               c_w.l(heapauxi.o)
    0x08000286   0x08000286   0x00000016   Code   RO         4067    .text               c_w.l(_rserrno.o)
    0x0800029c   0x0800029c   0x00000008   Code   RO         4222    .text               c_w.l(rt_errno_addr_intlibspace.o)
    0x080002a4   0x080002a4   0x00000008   Code   RO         4244    .text               c_w.l(libspace.o)
    0x080002ac   0x080002ac   0x0000004a   Code   RO         4247    .text               c_w.l(sys_stackheap_outer.o)
    0x080002f6   0x080002f6   0x00000012   Code   RO         4286    .text               c_w.l(exit.o)
    0x08000308   0x08000308   0x0000000c   Code   RO         4363    .text               c_w.l(sys_exit.o)
    0x08000314   0x08000314   0x00000002   Code   RO         4374    .text               c_w.l(use_no_semi.o)
    0x08000316   0x08000316   0x00000000   Code   RO         4376    .text               c_w.l(indicate_semi.o)
    0x08000316   0x08000316   0x00000004   Code   RO          607    i.BusFault_Handler  stm32f1xx_it.o
    0x0800031a   0x0800031a   0x00000002   PAD
    0x0800031c   0x0800031c   0x00000078   Code   RO         3730    i.DAC_SetVoltage_Int  public.o
    0x08000394   0x08000394   0x000000e4   Code   RO         3731    i.DAC_fade_tick     public.o
    0x08000478   0x08000478   0x000000cc   Code   RO         3732    i.DAC_set           public.o
    0x08000544   0x08000544   0x00000078   Code   RO         3733    i.DAC_set_instant   public.o
    0x080005bc   0x080005bc   0x00000010   Code   RO          608    i.DMA1_Channel4_IRQHandler  stm32f1xx_it.o
    0x080005cc   0x080005cc   0x000000a0   Code   RO         3884    i.DS18B20_Get       ds18b20.o
    0x0800066c   0x0800066c   0x00000084   Code   RO         3885    i.DS18B20_Read_Byte  ds18b20.o
    0x080006f0   0x080006f0   0x000000c0   Code   RO         3886    i.DS18B20_Rst       ds18b20.o
    0x080007b0   0x080007b0   0x00000080   Code   RO         3887    i.DS18B20_Write_Byte  ds18b20.o
    0x08000830   0x08000830   0x00000030   Code   RO         3888    i.DS18B20_convert   ds18b20.o
    0x08000860   0x08000860   0x00000002   Code   RO          609    i.DebugMon_Handler  stm32f1xx_it.o
    0x08000862   0x08000862   0x00000002   PAD
    0x08000864   0x08000864   0x00000014   Code   RO          610    i.EXTI15_10_IRQHandler  stm32f1xx_it.o
    0x08000878   0x08000878   0x0000000a   Code   RO           13    i.Error_Handler     main.o
    0x08000882   0x08000882   0x00000002   PAD
    0x08000884   0x08000884   0x00000028   Code   RO         1924    i.FLASH_MassErase   stm32f1xx_hal_flash_ex.o
    0x080008ac   0x080008ac   0x00000028   Code   RO         1933    i.FLASH_PageErase   stm32f1xx_hal_flash_ex.o
    0x080008d4   0x080008d4   0x00000020   Code   RO         1821    i.FLASH_Program_HalfWord  stm32f1xx_hal_flash.o
    0x080008f4   0x080008f4   0x00000084   Code   RO         1822    i.FLASH_SetErrorCode  stm32f1xx_hal_flash.o
    0x08000978   0x08000978   0x00000070   Code   RO         1823    i.FLASH_WaitForLastOperation  stm32f1xx_hal_flash.o
    0x080009e8   0x080009e8   0x0000006e   Code   RO          857    i.HAL_DAC_ConfigChannel  stm32f1xx_hal_dac.o
    0x08000a56   0x08000a56   0x00000028   Code   RO          867    i.HAL_DAC_Init      stm32f1xx_hal_dac.o
    0x08000a7e   0x08000a7e   0x00000002   PAD
    0x08000a80   0x08000a80   0x00000070   Code   RO          306    i.HAL_DAC_MspInit   dac.o
    0x08000af0   0x08000af0   0x00000032   Code   RO          870    i.HAL_DAC_SetValue  stm32f1xx_hal_dac.o
    0x08000b22   0x08000b22   0x0000007e   Code   RO          871    i.HAL_DAC_Start     stm32f1xx_hal_dac.o
    0x08000ba0   0x08000ba0   0x00000398   Code   RO         1485    i.HAL_DMA_IRQHandler  stm32f1xx_hal_dma.o
    0x08000f38   0x08000f38   0x0000008c   Code   RO         1486    i.HAL_DMA_Init      stm32f1xx_hal_dma.o
    0x08000fc4   0x08000fc4   0x00000028   Code   RO         1101    i.HAL_Delay         stm32f1xx_hal.o
    0x08000fec   0x08000fec   0x000000b0   Code   RO         1934    i.HAL_FLASHEx_Erase  stm32f1xx_hal_flash_ex.o
    0x0800109c   0x0800109c   0x00000014   Code   RO         1827    i.HAL_FLASH_Lock    stm32f1xx_hal_flash.o
    0x080010b0   0x080010b0   0x000000b0   Code   RO         1832    i.HAL_FLASH_Program  stm32f1xx_hal_flash.o
    0x08001160   0x08001160   0x00000030   Code   RO         1834    i.HAL_FLASH_Unlock  stm32f1xx_hal_flash.o
    0x08001190   0x08001190   0x00000340   Code   RO         1416    i.HAL_GPIO_Init     stm32f1xx_hal_gpio.o
    0x080014d0   0x080014d0   0x0000000c   Code   RO         1420    i.HAL_GPIO_WritePin  stm32f1xx_hal_gpio.o
    0x080014dc   0x080014dc   0x0000000c   Code   RO         1105    i.HAL_GetTick       stm32f1xx_hal.o
    0x080014e8   0x080014e8   0x0000005e   Code   RO         2102    i.HAL_IWDG_Init     stm32f1xx_hal_iwdg.o
    0x08001546   0x08001546   0x00000002   PAD
    0x08001548   0x08001548   0x00000018   Code   RO         1111    i.HAL_IncTick       stm32f1xx_hal.o
    0x08001560   0x08001560   0x00000028   Code   RO         1112    i.HAL_Init          stm32f1xx_hal.o
    0x08001588   0x08001588   0x0000004c   Code   RO         1113    i.HAL_InitTick      stm32f1xx_hal.o
    0x080015d4   0x080015d4   0x00000054   Code   RO          707    i.HAL_MspInit       stm32f1xx_hal_msp.o
    0x08001628   0x08001628   0x00000020   Code   RO         1576    i.HAL_NVIC_EnableIRQ  stm32f1xx_hal_cortex.o
    0x08001648   0x08001648   0x0000007c   Code   RO         1582    i.HAL_NVIC_SetPriority  stm32f1xx_hal_cortex.o
    0x080016c4   0x080016c4   0x00000028   Code   RO         1583    i.HAL_NVIC_SetPriorityGrouping  stm32f1xx_hal_cortex.o
    0x080016ec   0x080016ec   0x000000b4   Code   RO         1696    i.HAL_PWR_ConfigPVD  stm32f1xx_hal_pwr.o
    0x080017a0   0x080017a0   0x0000000c   Code   RO         1704    i.HAL_PWR_EnablePVD  stm32f1xx_hal_pwr.o
    0x080017ac   0x080017ac   0x00000028   Code   RO         3734    i.HAL_PWR_PVDCallback  public.o
    0x080017d4   0x080017d4   0x00000020   Code   RO         1712    i.HAL_PWR_PVD_IRQHandler  stm32f1xx_hal_pwr.o
    0x080017f4   0x080017f4   0x0000018c   Code   RO         1269    i.HAL_RCC_ClockConfig  stm32f1xx_hal_rcc.o
    0x08001980   0x08001980   0x0000000c   Code   RO         1274    i.HAL_RCC_GetHCLKFreq  stm32f1xx_hal_rcc.o
    0x0800198c   0x0800198c   0x00000020   Code   RO         1276    i.HAL_RCC_GetPCLK1Freq  stm32f1xx_hal_rcc.o
    0x080019ac   0x080019ac   0x00000020   Code   RO         1277    i.HAL_RCC_GetPCLK2Freq  stm32f1xx_hal_rcc.o
    0x080019cc   0x080019cc   0x00000070   Code   RO         1278    i.HAL_RCC_GetSysClockFreq  stm32f1xx_hal_rcc.o
    0x08001a3c   0x08001a3c   0x00000464   Code   RO         1281    i.HAL_RCC_OscConfig  stm32f1xx_hal_rcc.o
    0x08001ea0   0x08001ea0   0x00000034   Code   RO         1587    i.HAL_SYSTICK_Config  stm32f1xx_hal_cortex.o
    0x08001ed4   0x08001ed4   0x00000002   Code   RO         2849    i.HAL_TIMEx_BreakCallback  stm32f1xx_hal_tim_ex.o
    0x08001ed6   0x08001ed6   0x00000002   Code   RO         2850    i.HAL_TIMEx_CommutCallback  stm32f1xx_hal_tim_ex.o
    0x08001ed8   0x08001ed8   0x00000002   Code   RO         2168    i.HAL_TIM_IC_CaptureCallback  stm32f1xx_hal_tim.o
    0x08001eda   0x08001eda   0x00000196   Code   RO         2182    i.HAL_TIM_IRQHandler  stm32f1xx_hal_tim.o
    0x08002070   0x08002070   0x00000002   Code   RO         2185    i.HAL_TIM_OC_DelayElapsedCallback  stm32f1xx_hal_tim.o
    0x08002072   0x08002072   0x00000002   Code   RO         2212    i.HAL_TIM_PWM_PulseFinishedCallback  stm32f1xx_hal_tim.o
    0x08002074   0x08002074   0x00000024   Code   RO          496    i.HAL_TIM_PeriodElapsedCallback  tim.o
    0x08002098   0x08002098   0x00000002   Code   RO         2225    i.HAL_TIM_TriggerCallback  stm32f1xx_hal_tim.o
    0x0800209a   0x0800209a   0x00000076   Code   RO         3146    i.HAL_UART_Init     stm32f1xx_hal_uart.o
    0x08002110   0x08002110   0x000000d4   Code   RO          550    i.HAL_UART_MspInit  usart.o
    0x080021e4   0x080021e4   0x00000004   Code   RO          611    i.HardFault_Handler  stm32f1xx_it.o
    0x080021e8   0x080021e8   0x0000004c   Code   RO          307    i.MX_DAC_Init       dac.o
    0x08002234   0x08002234   0x00000034   Code   RO          437    i.MX_DMA_Init       dma.o
    0x08002268   0x08002268   0x000001f0   Code   RO          188    i.MX_GPIO_Init      gpio.o
    0x08002458   0x08002458   0x00000028   Code   RO          464    i.MX_IWDG_Init      iwdg.o
    0x08002480   0x08002480   0x00000048   Code   RO          551    i.MX_USART1_UART_Init  usart.o
    0x080024c8   0x080024c8   0x00000004   Code   RO          612    i.MemManage_Handler  stm32f1xx_it.o
    0x080024cc   0x080024cc   0x00000004   Code   RO          613    i.NMI_Handler       stm32f1xx_it.o
    0x080024d0   0x080024d0   0x00000008   Code   RO          614    i.PVD_IRQHandler    stm32f1xx_it.o
    0x080024d8   0x080024d8   0x00000002   Code   RO          615    i.PendSV_Handler    stm32f1xx_it.o
    0x080024da   0x080024da   0x00000002   PAD
    0x080024dc   0x080024dc   0x00000028   Code   RO         1282    i.RCC_Delay         stm32f1xx_hal_rcc.o
    0x08002504   0x08002504   0x00000002   Code   RO          616    i.SVC_Handler       stm32f1xx_it.o
    0x08002506   0x08002506   0x00000008   Code   RO          617    i.SysTick_Handler   stm32f1xx_it.o
    0x0800250e   0x0800250e   0x00000066   Code   RO           14    i.SystemClock_Config  main.o
    0x08002574   0x08002574   0x00000002   Code   RO         3490    i.SystemInit        system_stm32f1xx.o
    0x08002576   0x08002576   0x00000002   PAD
    0x08002578   0x08002578   0x00000010   Code   RO          498    i.TIM2_IRQHandler   tim.o
    0x08002588   0x08002588   0x000000fc   Code   RO         3173    i.UART_SetConfig    stm32f1xx_hal_uart.o
    0x08002684   0x08002684   0x00000020   Code   RO          618    i.USART1_IRQHandler  stm32f1xx_it.o
    0x080026a4   0x080026a4   0x00000004   Code   RO          619    i.UsageFault_Handler  stm32f1xx_it.o
    0x080026a8   0x080026a8   0x00000028   Code   RO         4199    i.__ARM_fpclassify  m_ws.l(fpclassify.o)
    0x080026d0   0x080026d0   0x00000010   Code   RO         1589    i.__NVIC_GetPriorityGrouping  stm32f1xx_hal_cortex.o
    0x080026e0   0x080026e0   0x00000028   Code   RO         1590    i.__NVIC_SetPriority  stm32f1xx_hal_cortex.o
    0x08002708   0x08002708   0x000000aa   Code   RO         4201    i.__kernel_poly     m_ws.l(poly.o)
    0x080027b2   0x080027b2   0x00000002   PAD
    0x080027b4   0x080027b4   0x00000010   Code   RO         4185    i.__mathlib_dbl_divzero  m_ws.l(dunder.o)
    0x080027c4   0x080027c4   0x00000006   Code   RO         4186    i.__mathlib_dbl_infnan  m_ws.l(dunder.o)
    0x080027ca   0x080027ca   0x0000000c   Code   RO         4188    i.__mathlib_dbl_invalid  m_ws.l(dunder.o)
    0x080027d6   0x080027d6   0x0000000e   Code   RO         4189    i.__mathlib_dbl_overflow  m_ws.l(dunder.o)
    0x080027e4   0x080027e4   0x00000010   Code   RO         4191    i.__mathlib_dbl_underflow  m_ws.l(dunder.o)
    0x080027f4   0x080027f4   0x00000100   Code   RO         3736    i.brightness_to_current_mA  public.o
    0x080028f4   0x080028f4   0x00000084   Code   RO         3738    i.brightness_to_voltage_mV  public.o
    0x08002978   0x08002978   0x000000c8   Code   RO         3527    i.callback_232      cuankou.o
    0x08002a40   0x08002a40   0x0000005c   Code   RO         3528    i.cmd_brightness    cuankou.o
    0x08002a9c   0x08002a9c   0x00000050   Code   RO         3529    i.cmd_color_temp    cuankou.o
    0x08002aec   0x08002aec   0x00000040   Code   RO         3530    i.cmd_countdown     cuankou.o
    0x08002b2c   0x08002b2c   0x00000054   Code   RO         3531    i.cmd_factory_reset  cuankou.o
    0x08002b80   0x08002b80   0x00000028   Code   RO         3532    i.cmd_ota_cancel    cuankou.o
    0x08002ba8   0x08002ba8   0x00000060   Code   RO         3533    i.cmd_ota_data      cuankou.o
    0x08002c08   0x08002c08   0x00000024   Code   RO         3534    i.cmd_ota_end       cuankou.o
    0x08002c2c   0x08002c2c   0x00000030   Code   RO         3535    i.cmd_ota_start     cuankou.o
    0x08002c5c   0x08002c5c   0x0000007c   Code   RO         3536    i.cmd_power         cuankou.o
    0x08002cd8   0x08002cd8   0x00000078   Code   RO         3537    i.cmd_timer         cuankou.o
    0x08002d50   0x08002d50   0x000000ac   Code   RO         3739    i.color_temp_apply  public.o
    0x08002dfc   0x08002dfc   0x00000018   Code   RO         3741    i.dac_fade_is_idle  public.o
    0x08002e14   0x08002e14   0x00000050   Code   RO         3698    i.encoder_init      keydisp.o
    0x08002e64   0x08002e64   0x00000230   Code   RO         3699    i.encoder_scan      keydisp.o
    0x08003094   0x08003094   0x00000284   Code   RO         4047    i.exp               m_ws.l(exp.o)
    0x08003318   0x08003318   0x00000008   Code   RO         3743    i.fan_set           public.o
    0x08003320   0x08003320   0x00000058   Code   RO         3934    i.flash_eeprom_init  flash_eeprom.o
    0x08003378   0x08003378   0x000000f4   Code   RO         3935    i.flash_eeprom_read  flash_eeprom.o
    0x0800346c   0x0800346c   0x00000058   Code   RO         3936    i.flash_eeprom_save  flash_eeprom.o
    0x080034c4   0x080034c4   0x00000018   Code   RO         3937    i.flash_eeprom_save_brightness  flash_eeprom.o
    0x080034dc   0x080034dc   0x000000b8   Code   RO         3938    i.flash_write_record  flash_eeprom.o
    0x08003594   0x08003594   0x000000d4   Code   RO         3744    i.init              public.o
    0x08003668   0x08003668   0x00000050   Code   RO         3745    i.ledoff            public.o
    0x080036b8   0x080036b8   0x0000035c   Code   RO         4057    i.log               m_ws.l(log.o)
    0x08003a14   0x08003a14   0x00000034   Code   RO         3746    i.mA_to_V           public.o
    0x08003a48   0x08003a48   0x00000140   Code   RO           15    i.main              main.o
    0x08003b88   0x08003b88   0x00000044   Code   RO         3747    i.off_voltage_mV    public.o
    0x08003bcc   0x08003bcc   0x0000011c   Code   RO         3538    i.process_frame     cuankou.o
    0x08003ce8   0x08003ce8   0x0000001c   Code   RO         3539    i.query_countdown   cuankou.o
    0x08003d04   0x08003d04   0x0000003c   Code   RO         3540    i.query_device_info  cuankou.o
    0x08003d40   0x08003d40   0x00000040   Code   RO         3541    i.query_ota_status  cuankou.o
    0x08003d80   0x08003d80   0x0000003c   Code   RO         3542    i.query_status      cuankou.o
    0x08003dbc   0x08003dbc   0x0000006c   Code   RO         3543    i.query_timer       cuankou.o
    0x08003e28   0x08003e28   0x0000000c   Code   RO         3544    i.read_uint16_be    cuankou.o
    0x08003e34   0x08003e34   0x00000064   Code   RO         3545    i.rsp_enqueue       cuankou.o
    0x08003e98   0x08003e98   0x00000080   Code   RO         3546    i.rsp_flush         cuankou.o
    0x08003f18   0x08003f18   0x0000004a   Code   RO         3547    i.send_query_response  cuankou.o
    0x08003f62   0x08003f62   0x00000024   Code   RO         3548    i.send_response     cuankou.o
    0x08003f86   0x08003f86   0x00000002   PAD
    0x08003f88   0x08003f88   0x000000d8   Code   RO         3748    i.temperature_read  public.o
    0x08004060   0x08004060   0x00000008   Code   RO         3550    i.write_uint16_be   cuankou.o
    0x08004068   0x08004068   0x00000010   Code   RO         3551    i.write_uint32_be   cuankou.o
    0x08004078   0x08004078   0x00000150   Code   RO         3992    x$fpl$dadd          fz_ws.l(daddsub_clz.o)
    0x080041c8   0x080041c8   0x00000010   Code   RO         4242    x$fpl$dcheck1       fz_ws.l(dcheck1.o)
    0x080041d8   0x080041d8   0x00000018   Code   RO         4162    x$fpl$dcmpinf       fz_ws.l(dcmpi.o)
    0x080041f0   0x080041f0   0x000002b0   Code   RO         3999    x$fpl$ddiv          fz_ws.l(ddiv.o)
    0x080044a0   0x080044a0   0x00000078   Code   RO         4164    x$fpl$deqf          fz_ws.l(deqf.o)
    0x08004518   0x08004518   0x0000005e   Code   RO         4002    x$fpl$dfix          fz_ws.l(dfix.o)
    0x08004576   0x08004576   0x00000002   PAD
    0x08004578   0x08004578   0x0000005a   Code   RO         4006    x$fpl$dfixu         fz_ws.l(dfixu.o)
    0x080045d2   0x080045d2   0x0000002e   Code   RO         4011    x$fpl$dflt          fz_ws.l(dflt_clz.o)
    0x08004600   0x08004600   0x00000026   Code   RO         4010    x$fpl$dfltu         fz_ws.l(dflt_clz.o)
    0x08004626   0x08004626   0x00000002   PAD
    0x08004628   0x08004628   0x00000078   Code   RO         4016    x$fpl$dleqf         fz_ws.l(dleqf.o)
    0x080046a0   0x080046a0   0x00000154   Code   RO         4018    x$fpl$dmul          fz_ws.l(dmul.o)
    0x080047f4   0x080047f4   0x0000009c   Code   RO         4166    x$fpl$dnaninf       fz_ws.l(dnaninf.o)
    0x08004890   0x08004890   0x0000000c   Code   RO         4168    x$fpl$dretinf       fz_ws.l(dretinf.o)
    0x0800489c   0x0800489c   0x0000006c   Code   RO         4020    x$fpl$drleqf        fz_ws.l(drleqf.o)
    0x08004908   0x08004908   0x00000016   Code   RO         3993    x$fpl$drsb          fz_ws.l(daddsub_clz.o)
    0x0800491e   0x0800491e   0x00000002   PAD
    0x08004920   0x08004920   0x000001d4   Code   RO         3994    x$fpl$dsub          fz_ws.l(daddsub_clz.o)
    0x08004af4   0x08004af4   0x00000056   Code   RO         4022    x$fpl$f2d           fz_ws.l(f2d.o)
    0x08004b4a   0x08004b4a   0x00000002   PAD
    0x08004b4c   0x08004b4c   0x000000c4   Code   RO         4024    x$fpl$fadd          fz_ws.l(faddsub_clz.o)
    0x08004c10   0x08004c10   0x00000184   Code   RO         4031    x$fpl$fdiv          fz_ws.l(fdiv.o)
    0x08004d94   0x08004d94   0x0000003e   Code   RO         4034    x$fpl$ffixu         fz_ws.l(ffixu.o)
    0x08004dd2   0x08004dd2   0x00000002   PAD
    0x08004dd4   0x08004dd4   0x00000030   Code   RO         4039    x$fpl$fflt          fz_ws.l(fflt_clz.o)
    0x08004e04   0x08004e04   0x00000102   Code   RO         4044    x$fpl$fmul          fz_ws.l(fmul.o)
    0x08004f06   0x08004f06   0x0000008c   Code   RO         4170    x$fpl$fnaninf       fz_ws.l(fnaninf.o)
    0x08004f92   0x08004f92   0x0000000a   Code   RO         4172    x$fpl$fretinf       fz_ws.l(fretinf.o)
    0x08004f9c   0x08004f9c   0x000000ea   Code   RO         4026    x$fpl$fsub          fz_ws.l(faddsub_clz.o)
    0x08005086   0x08005086   0x00000064   Code   RO         4296    x$fpl$retnan        fz_ws.l(retnan.o)
    0x080050ea   0x080050ea   0x0000005c   Code   RO         4182    x$fpl$scalbn        fz_ws.l(scalbn.o)
    0x08005146   0x08005146   0x00000030   Code   RO         4350    x$fpl$trapveneer    fz_ws.l(trapv.o)
    0x08005176   0x08005176   0x00000000   Code   RO         4184    x$fpl$usenofp       fz_ws.l(usenofp.o)
    0x08005176   0x08005176   0x00000012   Data   RO         1283    .constdata          stm32f1xx_hal_rcc.o
    0x08005188   0x08005188   0x00000018   Data   RO         3491    .constdata          system_stm32f1xx.o
    0x080051a0   0x080051a0   0x00000015   Data   RO         3553    .constdata          cuankou.o
    0x080051b5   0x080051b5   0x00000001   PAD
    0x080051b6   0x080051b6   0x0000001e   Data   RO         3750    .constdata          public.o
    0x080051d4   0x080051d4   0x00000004   PAD
    0x080051d8   0x080051d8   0x00000058   Data   RO         4048    .constdata          m_ws.l(exp.o)
    0x08005230   0x08005230   0x00000038   Data   RO         4058    .constdata          m_ws.l(log.o)
    0x08005268   0x08005268   0x00000008   Data   RO         4203    .constdata          m_ws.l(qnan.o)
    0x08005270   0x08005270   0x00000020   Data   RO         4429    Region$$Table       anon$$obj.o


    Execution Region RW_IRAM1 (Exec base: 0x20000000, Load base: 0x08005290, Size: 0x00000a60, Max: 0x0000c000, ABSOLUTE)

    Exec Addr    Load Addr    Size         Type   Attr      Idx    E Section Name        Object

    0x20000000   0x08005290   0x0000000c   Data   RW           16    .data               main.o
    0x2000000c   0x0800529c   0x00000001   Data   RW          500    .data               tim.o
    0x2000000d   0x0800529d   0x00000003   PAD
    0x20000010   0x080052a0   0x00000009   Data   RW         1119    .data               stm32f1xx_hal.o
    0x20000019   0x080052a9   0x00000003   PAD
    0x2000001c   0x080052ac   0x00000004   Data   RW         3492    .data               system_stm32f1xx.o
    0x20000020   0x080052b0   0x0000000b   Data   RW         3554    .data               cuankou.o
    0x2000002b   0x080052bb   0x00000001   PAD
    0x2000002c   0x080052bc   0x0000000f   Data   RW         3700    .data               keydisp.o
    0x2000003b   0x080052cb   0x00000001   PAD
    0x2000003c   0x080052cc   0x00000010   Data   RW         3751    .data               public.o
    0x2000004c   0x080052dc   0x00000001   Data   RW         3889    .data               ds18b20.o
    0x2000004d   0x080052dd   0x00000003   PAD
    0x20000050   0x080052e0   0x00000008   Data   RW         3939    .data               flash_eeprom.o
    0x20000058        -       0x00000014   Zero   RW          308    .bss                dac.o
    0x2000006c        -       0x0000000c   Zero   RW          465    .bss                iwdg.o
    0x20000078        -       0x00000048   Zero   RW          499    .bss                tim.o
    0x200000c0        -       0x0000018c   Zero   RW          553    .bss                usart.o
    0x2000024c   0x080052e8   0x00000004   PAD
    0x20000250        -       0x00000020   Zero   RW         1835    .bss                stm32f1xx_hal_flash.o
    0x20000270        -       0x00000144   Zero   RW         3552    .bss                cuankou.o
    0x200003b4        -       0x00000048   Zero   RW         3749    .bss                public.o
    0x200003fc        -       0x00000060   Zero   RW         4245    .bss                c_w.l(libspace.o)
    0x2000045c   0x080052e8   0x00000004   PAD
    0x20000460        -       0x00000200   Zero   RW            2    HEAP                startup_stm32f103xe.o
    0x20000660        -       0x00000400   Zero   RW            1    STACK               startup_stm32f103xe.o


==============================================================================

Image component sizes


      Code (inc. data)   RO Data    RW Data    ZI Data      Debug   Object Name

      1962        218         21         11        324      14379   cuankou.o
       188         24          0          0         20     412963   dac.o
        52          4          0          0          0        734   dma.o
       660         40          0          1          0       3123   ds18b20.o
       628         74          0          8          0       3667   flash_eeprom.o
       496         26          0          0          0       4207   gpio.o
        40          8          0          0         12        659   iwdg.o
       640         70          0         15          0       1706   keydisp.o
       432         34          0         12          0     481464   main.o
      1932        220         30         16         72      11469   public.o
        64         26        304          0       1536        792   startup_stm32f103xe.o
       192         36          0          9          0       6353   stm32f1xx_hal.o
       304         22          0          0          0      29283   stm32f1xx_hal_cortex.o
       326          0          0          0          0       3346   stm32f1xx_hal_dac.o
      1060         18          0          0          0       2168   stm32f1xx_hal_dma.o
       520         48          0          0         32       4034   stm32f1xx_hal_flash.o
       256         26          0          0          0       2479   stm32f1xx_hal_flash_ex.o
       844         40          0          0          0       2632   stm32f1xx_hal_gpio.o
         0          0          0          0          0     495884   stm32f1xx_hal_gpio_ex.o
        94          0          0          0          0       1212   stm32f1xx_hal_iwdg.o
        84          8          0          0          0        890   stm32f1xx_hal_msp.o
       224         18          0          0          0       2733   stm32f1xx_hal_pwr.o
      1748         98         18          0          0       5816   stm32f1xx_hal_rcc.o
       414          0          0          0          0       3430   stm32f1xx_hal_tim.o
         4          0          0          0          0       1493   stm32f1xx_hal_tim_ex.o
       370          4          0          0          0       1716   stm32f1xx_hal_uart.o
       110         18          0          0          0       5713   stm32f1xx_it.o
         2          0         24          4          0       1059   system_stm32f1xx.o
        52         10          0          1         72       1458   tim.o
       284         30          0          0        396       2969   usart.o

    ----------------------------------------------------------------------
     13998       1120        434         88       2468    1509831   Object Totals
         0          0         32          0          0          0   (incl. Generated)
        16          0          5         11          4          0   (incl. Padding)

    ----------------------------------------------------------------------

      Code (inc. data)   RO Data    RW Data    ZI Data      Debug   Library Member Name

         8          0          0          0          0         68   __main.o
         0          0          0          0          0          0   __rtentry.o
        12          0          0          0          0          0   __rtentry2.o
         6          0          0          0          0          0   __rtentry4.o
        52          8          0          0          0          0   __scatter.o
        26          0          0          0          0          0   __scatter_copy.o
        28          0          0          0          0          0   __scatter_zi.o
        22          0          0          0          0        100   _rserrno.o
        18          0          0          0          0         80   exit.o
         6          0          0          0          0        152   heapauxi.o
         0          0          0          0          0          0   indicate_semi.o
         2          0          0          0          0          0   libinit.o
         2          0          0          0          0          0   libinit2.o
         2          0          0          0          0          0   libshutdown.o
         2          0          0          0          0          0   libshutdown2.o
         8          4          0          0         96         68   libspace.o
        38          0          0          0          0         68   llushr.o
         8          4          0          0          0         68   rt_errno_addr_intlibspace.o
        78          0          0          0          0         80   rt_memclr_w.o
         2          0          0          0          0          0   rtexit.o
        10          0          0          0          0          0   rtexit2.o
        12          4          0          0          0         68   sys_exit.o
        74          0          0          0          0         80   sys_stackheap_outer.o
         2          0          0          0          0         68   use_no_semi.o
       826         16          0          0          0        348   daddsub_clz.o
        16          4          0          0          0         68   dcheck1.o
        24          0          0          0          0         68   dcmpi.o
       688        140          0          0          0        208   ddiv.o
       120          4          0          0          0         92   deqf.o
        94          4          0          0          0         92   dfix.o
        90          4          0          0          0         92   dfixu.o
        84          0          0          0          0        136   dflt_clz.o
       120          4          0          0          0         92   dleqf.o
       340         12          0          0          0        104   dmul.o
       156          4          0          0          0         92   dnaninf.o
        12          0          0          0          0         68   dretinf.o
       108          0          0          0          0         80   drleqf.o
        86          4          0          0          0         84   f2d.o
       430          8          0          0          0        168   faddsub_clz.o
       388         76          0          0          0         96   fdiv.o
        62          4          0          0          0         84   ffixu.o
        48          0          0          0          0         68   fflt_clz.o
       258          4          0          0          0         84   fmul.o
       140          4          0          0          0         84   fnaninf.o
        10          0          0          0          0         68   fretinf.o
       100          0          0          0          0         68   retnan.o
        92          0          0          0          0         68   scalbn.o
        48          0          0          0          0         68   trapv.o
         0          0          0          0          0          0   usenofp.o
        64         10          0          0          0        340   dunder.o
       644         90         88          0          0        204   exp.o
        40          0          0          0          0         68   fpclassify.o
       860         52         56          0          0        256   log.o
       170          0          0          0          0         96   poly.o
         0          0          8          0          0          0   qnan.o

    ----------------------------------------------------------------------
      6552        464        152          0        100       4344   Library Totals
        16          0          0          0          4          0   (incl. Padding)

    ----------------------------------------------------------------------

      Code (inc. data)   RO Data    RW Data    ZI Data      Debug   Library Name

       418         20          0          0         96        900   c_w.l
      4340        292          0          0          0       2480   fz_ws.l
      1778        152        152          0          0        964   m_ws.l

    ----------------------------------------------------------------------
      6552        464        152          0        100       4344   Library Totals

    ----------------------------------------------------------------------

==============================================================================


      Code (inc. data)   RO Data    RW Data    ZI Data      Debug   

     20550       1584        586         88       2568    1505643   Grand Totals
     20550       1584        586         88       2568    1505643   ELF Image Totals
     20550       1584        586         88          0          0   ROM Totals

==============================================================================

    Total RO  Size (Code + RO Data)                21136 (  20.64kB)
    Total RW  Size (RW Data + ZI Data)              2656 (   2.59kB)
    Total ROM Size (Code + RO Data + RW Data)      21224 (  20.73kB)

==============================================================================

